Copyright 1986-2022 Xilinx, Inc. All Rights Reserved. Copyright 2022-2024 Advanced Micro Devices, Inc. All Rights Reserved.
---------------------------------------------------------------------------------------------------------------------------------------------
| Tool Version : Vivado v.2024.1 (win64) Build 5076996 Wed May 22 18:37:14 MDT 2024
| Date         : Thu Sep 17 19:52:17 2026
| Host         : SRIKARVELA8715 running 64-bit major release  (build 9200)
| Command      : report_timing -hold -max_paths 30 -nworst 1 -file C:/kalman/reports/N_4.000ns/hold_paths.rpt
| Design       : KalmanFilter
| Device       : 7z020-clg400
| Speed File   : -1  PRODUCTION 1.12 2019-11-22
| Design State : Routed
---------------------------------------------------------------------------------------------------------------------------------------------

Timing Report

Slack (VIOLATED) :        -0.002ns  (arrival time - required time)
  Source:                 io_cfg_q0[0]
                            (input port clocked by clock  {rise@0.000ns fall@2.000ns period=4.000ns})
  Destination:            q0Reg_reg[0]/D
                            (rising edge-triggered cell FDRE clocked by clock  {rise@0.000ns fall@2.000ns period=4.000ns})
  Path Group:             clock
  Path Type:              Hold (Min at Slow Process Corner)
  Requirement:            0.000ns  (clock rise@0.000ns - clock rise@0.000ns)
  Data Path Delay:        0.924ns  (logic 0.000ns (0.000%)  route 0.924ns (100.000%))
  Logic Levels:           0  
  Input Delay:            0.500ns
  Clock Path Skew:        0.973ns (DCD - SCD - CPR)
    Destination Clock Delay (DCD):    0.973ns
    Source Clock Delay      (SCD):    0.000ns
    Clock Pessimism Removal (CPR):    -0.000ns
  Clock Uncertainty:      0.035ns  ((TSJ^2 + TIJ^2)^1/2 + DJ) / 2 + PE
    Total System Jitter     (TSJ):    0.071ns
    Total Input Jitter      (TIJ):    0.000ns
    Discrete Jitter          (DJ):    0.000ns
    Phase Error              (PE):    0.000ns

    Location             Delay type                Incr(ns)  Path(ns)    Netlist Resource(s)
  -------------------------------------------------------------------    -------------------
                         (clock clock rise edge)      0.000     0.000 r  
                         input delay                  0.500     0.500    
                                                      0.000     0.500 r  io_cfg_q0[0] (IN)
                         net (fo=0)                   0.924     1.424    io_cfg_q0[0]
    SLICE_X38Y20         FDRE                                         r  q0Reg_reg[0]/D
  -------------------------------------------------------------------    -------------------

                         (clock clock rise edge)      0.000     0.000 r  
                                                      0.000     0.000 r  clock (IN)
                         net (fo=2419, unset)         0.973     0.973    clock
    SLICE_X38Y20         FDRE                                         r  q0Reg_reg[0]/C
                         clock pessimism              0.000     0.973    
                         clock uncertainty            0.035     1.008    
    SLICE_X38Y20         FDRE (Hold_fdre_C_D)         0.418     1.426    q0Reg_reg[0]
  -------------------------------------------------------------------
                         required time                         -1.426    
                         arrival time                           1.424    
  -------------------------------------------------------------------
                         slack                                 -0.002    

Slack (VIOLATED) :        -0.002ns  (arrival time - required time)
  Source:                 io_cfg_q0[12]
                            (input port clocked by clock  {rise@0.000ns fall@2.000ns period=4.000ns})
  Destination:            q0Reg_reg[12]/D
                            (rising edge-triggered cell FDRE clocked by clock  {rise@0.000ns fall@2.000ns period=4.000ns})
  Path Group:             clock
  Path Type:              Hold (Min at Slow Process Corner)
  Requirement:            0.000ns  (clock rise@0.000ns - clock rise@0.000ns)
  Data Path Delay:        0.924ns  (logic 0.000ns (0.000%)  route 0.924ns (100.000%))
  Logic Levels:           0  
  Input Delay:            0.500ns
  Clock Path Skew:        0.973ns (DCD - SCD - CPR)
    Destination Clock Delay (DCD):    0.973ns
    Source Clock Delay      (SCD):    0.000ns
    Clock Pessimism Removal (CPR):    -0.000ns
  Clock Uncertainty:      0.035ns  ((TSJ^2 + TIJ^2)^1/2 + DJ) / 2 + PE
    Total System Jitter     (TSJ):    0.071ns
    Total Input Jitter      (TIJ):    0.000ns
    Discrete Jitter          (DJ):    0.000ns
    Phase Error              (PE):    0.000ns

    Location             Delay type                Incr(ns)  Path(ns)    Netlist Resource(s)
  -------------------------------------------------------------------    -------------------
                         (clock clock rise edge)      0.000     0.000 r  
                         input delay                  0.500     0.500    
                                                      0.000     0.500 r  io_cfg_q0[12] (IN)
                         net (fo=0)                   0.924     1.424    io_cfg_q0[12]
    SLICE_X38Y23         FDRE                                         r  q0Reg_reg[12]/D
  -------------------------------------------------------------------    -------------------

                         (clock clock rise edge)      0.000     0.000 r  
                                                      0.000     0.000 r  clock (IN)
                         net (fo=2419, unset)         0.973     0.973    clock
    SLICE_X38Y23         FDRE                                         r  q0Reg_reg[12]/C
                         clock pessimism              0.000     0.973    
                         clock uncertainty            0.035     1.008    
    SLICE_X38Y23         FDRE (Hold_fdre_C_D)         0.418     1.426    q0Reg_reg[12]
  -------------------------------------------------------------------
                         required time                         -1.426    
                         arrival time                           1.424    
  -------------------------------------------------------------------
                         slack                                 -0.002    

Slack (VIOLATED) :        -0.002ns  (arrival time - required time)
  Source:                 io_cfg_q0[13]
                            (input port clocked by clock  {rise@0.000ns fall@2.000ns period=4.000ns})
  Destination:            q0Reg_reg[13]/D
                            (rising edge-triggered cell FDRE clocked by clock  {rise@0.000ns fall@2.000ns period=4.000ns})
  Path Group:             clock
  Path Type:              Hold (Min at Slow Process Corner)
  Requirement:            0.000ns  (clock rise@0.000ns - clock rise@0.000ns)
  Data Path Delay:        0.924ns  (logic 0.000ns (0.000%)  route 0.924ns (100.000%))
  Logic Levels:           0  
  Input Delay:            0.500ns
  Clock Path Skew:        0.973ns (DCD - SCD - CPR)
    Destination Clock Delay (DCD):    0.973ns
    Source Clock Delay      (SCD):    0.000ns
    Clock Pessimism Removal (CPR):    -0.000ns
  Clock Uncertainty:      0.035ns  ((TSJ^2 + TIJ^2)^1/2 + DJ) / 2 + PE
    Total System Jitter     (TSJ):    0.071ns
    Total Input Jitter      (TIJ):    0.000ns
    Discrete Jitter          (DJ):    0.000ns
    Phase Error              (PE):    0.000ns

    Location             Delay type                Incr(ns)  Path(ns)    Netlist Resource(s)
  -------------------------------------------------------------------    -------------------
                         (clock clock rise edge)      0.000     0.000 r  
                         input delay                  0.500     0.500    
                                                      0.000     0.500 r  io_cfg_q0[13] (IN)
                         net (fo=0)                   0.924     1.424    io_cfg_q0[13]
    SLICE_X38Y23         FDRE                                         r  q0Reg_reg[13]/D
  -------------------------------------------------------------------    -------------------

                         (clock clock rise edge)      0.000     0.000 r  
                                                      0.000     0.000 r  clock (IN)
                         net (fo=2419, unset)         0.973     0.973    clock
    SLICE_X38Y23         FDRE                                         r  q0Reg_reg[13]/C
                         clock pessimism              0.000     0.973    
                         clock uncertainty            0.035     1.008    
    SLICE_X38Y23         FDRE (Hold_fdre_C_D)         0.418     1.426    q0Reg_reg[13]
  -------------------------------------------------------------------
                         required time                         -1.426    
                         arrival time                           1.424    
  -------------------------------------------------------------------
                         slack                                 -0.002    

Slack (VIOLATED) :        -0.002ns  (arrival time - required time)
  Source:                 io_cfg_q0[14]
                            (input port clocked by clock  {rise@0.000ns fall@2.000ns period=4.000ns})
  Destination:            q0Reg_reg[14]/D
                            (rising edge-triggered cell FDRE clocked by clock  {rise@0.000ns fall@2.000ns period=4.000ns})
  Path Group:             clock
  Path Type:              Hold (Min at Slow Process Corner)
  Requirement:            0.000ns  (clock rise@0.000ns - clock rise@0.000ns)
  Data Path Delay:        0.924ns  (logic 0.000ns (0.000%)  route 0.924ns (100.000%))
  Logic Levels:           0  
  Input Delay:            0.500ns
  Clock Path Skew:        0.973ns (DCD - SCD - CPR)
    Destination Clock Delay (DCD):    0.973ns
    Source Clock Delay      (SCD):    0.000ns
    Clock Pessimism Removal (CPR):    -0.000ns
  Clock Uncertainty:      0.035ns  ((TSJ^2 + TIJ^2)^1/2 + DJ) / 2 + PE
    Total System Jitter     (TSJ):    0.071ns
    Total Input Jitter      (TIJ):    0.000ns
    Discrete Jitter          (DJ):    0.000ns
    Phase Error              (PE):    0.000ns

    Location             Delay type                Incr(ns)  Path(ns)    Netlist Resource(s)
  -------------------------------------------------------------------    -------------------
                         (clock clock rise edge)      0.000     0.000 r  
                         input delay                  0.500     0.500    
                                                      0.000     0.500 r  io_cfg_q0[14] (IN)
                         net (fo=0)                   0.924     1.424    io_cfg_q0[14]
    SLICE_X38Y23         FDRE                                         r  q0Reg_reg[14]/D
  -------------------------------------------------------------------    -------------------

                         (clock clock rise edge)      0.000     0.000 r  
                                                      0.000     0.000 r  clock (IN)
                         net (fo=2419, unset)         0.973     0.973    clock
    SLICE_X38Y23         FDRE                                         r  q0Reg_reg[14]/C
                         clock pessimism              0.000     0.973    
                         clock uncertainty            0.035     1.008    
    SLICE_X38Y23         FDRE (Hold_fdre_C_D)         0.418     1.426    q0Reg_reg[14]
  -------------------------------------------------------------------
                         required time                         -1.426    
                         arrival time                           1.424    
  -------------------------------------------------------------------
                         slack                                 -0.002    

Slack (VIOLATED) :        -0.002ns  (arrival time - required time)
  Source:                 io_cfg_q0[17]
                            (input port clocked by clock  {rise@0.000ns fall@2.000ns period=4.000ns})
  Destination:            q0Reg_reg[17]/D
                            (rising edge-triggered cell FDRE clocked by clock  {rise@0.000ns fall@2.000ns period=4.000ns})
  Path Group:             clock
  Path Type:              Hold (Min at Slow Process Corner)
  Requirement:            0.000ns  (clock rise@0.000ns - clock rise@0.000ns)
  Data Path Delay:        0.924ns  (logic 0.000ns (0.000%)  route 0.924ns (100.000%))
  Logic Levels:           0  
  Input Delay:            0.500ns
  Clock Path Skew:        0.973ns (DCD - SCD - CPR)
    Destination Clock Delay (DCD):    0.973ns
    Source Clock Delay      (SCD):    0.000ns
    Clock Pessimism Removal (CPR):    -0.000ns
  Clock Uncertainty:      0.035ns  ((TSJ^2 + TIJ^2)^1/2 + DJ) / 2 + PE
    Total System Jitter     (TSJ):    0.071ns
    Total Input Jitter      (TIJ):    0.000ns
    Discrete Jitter          (DJ):    0.000ns
    Phase Error              (PE):    0.000ns

    Location             Delay type                Incr(ns)  Path(ns)    Netlist Resource(s)
  -------------------------------------------------------------------    -------------------
                         (clock clock rise edge)      0.000     0.000 r  
                         input delay                  0.500     0.500    
                                                      0.000     0.500 r  io_cfg_q0[17] (IN)
                         net (fo=0)                   0.924     1.424    io_cfg_q0[17]
    SLICE_X38Y24         FDRE                                         r  q0Reg_reg[17]/D
  -------------------------------------------------------------------    -------------------

                         (clock clock rise edge)      0.000     0.000 r  
                                                      0.000     0.000 r  clock (IN)
                         net (fo=2419, unset)         0.973     0.973    clock
    SLICE_X38Y24         FDRE                                         r  q0Reg_reg[17]/C
                         clock pessimism              0.000     0.973    
                         clock uncertainty            0.035     1.008    
    SLICE_X38Y24         FDRE (Hold_fdre_C_D)         0.418     1.426    q0Reg_reg[17]
  -------------------------------------------------------------------
                         required time                         -1.426    
                         arrival time                           1.424    
  -------------------------------------------------------------------
                         slack                                 -0.002    

Slack (VIOLATED) :        -0.002ns  (arrival time - required time)
  Source:                 io_cfg_q0[18]
                            (input port clocked by clock  {rise@0.000ns fall@2.000ns period=4.000ns})
  Destination:            q0Reg_reg[18]/D
                            (rising edge-triggered cell FDRE clocked by clock  {rise@0.000ns fall@2.000ns period=4.000ns})
  Path Group:             clock
  Path Type:              Hold (Min at Slow Process Corner)
  Requirement:            0.000ns  (clock rise@0.000ns - clock rise@0.000ns)
  Data Path Delay:        0.924ns  (logic 0.000ns (0.000%)  route 0.924ns (100.000%))
  Logic Levels:           0  
  Input Delay:            0.500ns
  Clock Path Skew:        0.973ns (DCD - SCD - CPR)
    Destination Clock Delay (DCD):    0.973ns
    Source Clock Delay      (SCD):    0.000ns
    Clock Pessimism Removal (CPR):    -0.000ns
  Clock Uncertainty:      0.035ns  ((TSJ^2 + TIJ^2)^1/2 + DJ) / 2 + PE
    Total System Jitter     (TSJ):    0.071ns
    Total Input Jitter      (TIJ):    0.000ns
    Discrete Jitter          (DJ):    0.000ns
    Phase Error              (PE):    0.000ns

    Location             Delay type                Incr(ns)  Path(ns)    Netlist Resource(s)
  -------------------------------------------------------------------    -------------------
                         (clock clock rise edge)      0.000     0.000 r  
                         input delay                  0.500     0.500    
                                                      0.000     0.500 r  io_cfg_q0[18] (IN)
                         net (fo=0)                   0.924     1.424    io_cfg_q0[18]
    SLICE_X38Y24         FDRE                                         r  q0Reg_reg[18]/D
  -------------------------------------------------------------------    -------------------

                         (clock clock rise edge)      0.000     0.000 r  
                                                      0.000     0.000 r  clock (IN)
                         net (fo=2419, unset)         0.973     0.973    clock
    SLICE_X38Y24         FDRE                                         r  q0Reg_reg[18]/C
                         clock pessimism              0.000     0.973    
                         clock uncertainty            0.035     1.008    
    SLICE_X38Y24         FDRE (Hold_fdre_C_D)         0.418     1.426    q0Reg_reg[18]
  -------------------------------------------------------------------
                         required time                         -1.426    
                         arrival time                           1.424    
  -------------------------------------------------------------------
                         slack                                 -0.002    

Slack (VIOLATED) :        -0.002ns  (arrival time - required time)
  Source:                 io_cfg_q0[1]
                            (input port clocked by clock  {rise@0.000ns fall@2.000ns period=4.000ns})
  Destination:            q0Reg_reg[1]/D
                            (rising edge-triggered cell FDRE clocked by clock  {rise@0.000ns fall@2.000ns period=4.000ns})
  Path Group:             clock
  Path Type:              Hold (Min at Slow Process Corner)
  Requirement:            0.000ns  (clock rise@0.000ns - clock rise@0.000ns)
  Data Path Delay:        0.924ns  (logic 0.000ns (0.000%)  route 0.924ns (100.000%))
  Logic Levels:           0  
  Input Delay:            0.500ns
  Clock Path Skew:        0.973ns (DCD - SCD - CPR)
    Destination Clock Delay (DCD):    0.973ns
    Source Clock Delay      (SCD):    0.000ns
    Clock Pessimism Removal (CPR):    -0.000ns
  Clock Uncertainty:      0.035ns  ((TSJ^2 + TIJ^2)^1/2 + DJ) / 2 + PE
    Total System Jitter     (TSJ):    0.071ns
    Total Input Jitter      (TIJ):    0.000ns
    Discrete Jitter          (DJ):    0.000ns
    Phase Error              (PE):    0.000ns

    Location             Delay type                Incr(ns)  Path(ns)    Netlist Resource(s)
  -------------------------------------------------------------------    -------------------
                         (clock clock rise edge)      0.000     0.000 r  
                         input delay                  0.500     0.500    
                                                      0.000     0.500 r  io_cfg_q0[1] (IN)
                         net (fo=0)                   0.924     1.424    io_cfg_q0[1]
    SLICE_X38Y20         FDRE                                         r  q0Reg_reg[1]/D
  -------------------------------------------------------------------    -------------------

                         (clock clock rise edge)      0.000     0.000 r  
                                                      0.000     0.000 r  clock (IN)
                         net (fo=2419, unset)         0.973     0.973    clock
    SLICE_X38Y20         FDRE                                         r  q0Reg_reg[1]/C
                         clock pessimism              0.000     0.973    
                         clock uncertainty            0.035     1.008    
    SLICE_X38Y20         FDRE (Hold_fdre_C_D)         0.418     1.426    q0Reg_reg[1]
  -------------------------------------------------------------------
                         required time                         -1.426    
                         arrival time                           1.424    
  -------------------------------------------------------------------
                         slack                                 -0.002    

Slack (VIOLATED) :        -0.002ns  (arrival time - required time)
  Source:                 io_cfg_q0[28]
                            (input port clocked by clock  {rise@0.000ns fall@2.000ns period=4.000ns})
  Destination:            q0Reg_reg[28]/D
                            (rising edge-triggered cell FDRE clocked by clock  {rise@0.000ns fall@2.000ns period=4.000ns})
  Path Group:             clock
  Path Type:              Hold (Min at Slow Process Corner)
  Requirement:            0.000ns  (clock rise@0.000ns - clock rise@0.000ns)
  Data Path Delay:        0.924ns  (logic 0.000ns (0.000%)  route 0.924ns (100.000%))
  Logic Levels:           0  
  Input Delay:            0.500ns
  Clock Path Skew:        0.973ns (DCD - SCD - CPR)
    Destination Clock Delay (DCD):    0.973ns
    Source Clock Delay      (SCD):    0.000ns
    Clock Pessimism Removal (CPR):    -0.000ns
  Clock Uncertainty:      0.035ns  ((TSJ^2 + TIJ^2)^1/2 + DJ) / 2 + PE
    Total System Jitter     (TSJ):    0.071ns
    Total Input Jitter      (TIJ):    0.000ns
    Discrete Jitter          (DJ):    0.000ns
    Phase Error              (PE):    0.000ns

    Location             Delay type                Incr(ns)  Path(ns)    Netlist Resource(s)
  -------------------------------------------------------------------    -------------------
                         (clock clock rise edge)      0.000     0.000 r  
                         input delay                  0.500     0.500    
                                                      0.000     0.500 r  io_cfg_q0[28] (IN)
                         net (fo=0)                   0.924     1.424    io_cfg_q0[28]
    SLICE_X38Y28         FDRE                                         r  q0Reg_reg[28]/D
  -------------------------------------------------------------------    -------------------

                         (clock clock rise edge)      0.000     0.000 r  
                                                      0.000     0.000 r  clock (IN)
                         net (fo=2419, unset)         0.973     0.973    clock
    SLICE_X38Y28         FDRE                                         r  q0Reg_reg[28]/C
                         clock pessimism              0.000     0.973    
                         clock uncertainty            0.035     1.008    
    SLICE_X38Y28         FDRE (Hold_fdre_C_D)         0.418     1.426    q0Reg_reg[28]
  -------------------------------------------------------------------
                         required time                         -1.426    
                         arrival time                           1.424    
  -------------------------------------------------------------------
                         slack                                 -0.002    

Slack (VIOLATED) :        -0.002ns  (arrival time - required time)
  Source:                 io_cfg_q0[29]
                            (input port clocked by clock  {rise@0.000ns fall@2.000ns period=4.000ns})
  Destination:            q0Reg_reg[29]/D
                            (rising edge-triggered cell FDRE clocked by clock  {rise@0.000ns fall@2.000ns period=4.000ns})
  Path Group:             clock
  Path Type:              Hold (Min at Slow Process Corner)
  Requirement:            0.000ns  (clock rise@0.000ns - clock rise@0.000ns)
  Data Path Delay:        0.924ns  (logic 0.000ns (0.000%)  route 0.924ns (100.000%))
  Logic Levels:           0  
  Input Delay:            0.500ns
  Clock Path Skew:        0.973ns (DCD - SCD - CPR)
    Destination Clock Delay (DCD):    0.973ns
    Source Clock Delay      (SCD):    0.000ns
    Clock Pessimism Removal (CPR):    -0.000ns
  Clock Uncertainty:      0.035ns  ((TSJ^2 + TIJ^2)^1/2 + DJ) / 2 + PE
    Total System Jitter     (TSJ):    0.071ns
    Total Input Jitter      (TIJ):    0.000ns
    Discrete Jitter          (DJ):    0.000ns
    Phase Error              (PE):    0.000ns

    Location             Delay type                Incr(ns)  Path(ns)    Netlist Resource(s)
  -------------------------------------------------------------------    -------------------
                         (clock clock rise edge)      0.000     0.000 r  
                         input delay                  0.500     0.500    
                                                      0.000     0.500 r  io_cfg_q0[29] (IN)
                         net (fo=0)                   0.924     1.424    io_cfg_q0[29]
    SLICE_X38Y27         FDRE                                         r  q0Reg_reg[29]/D
  -------------------------------------------------------------------    -------------------

                         (clock clock rise edge)      0.000     0.000 r  
                                                      0.000     0.000 r  clock (IN)
                         net (fo=2419, unset)         0.973     0.973    clock
    SLICE_X38Y27         FDRE                                         r  q0Reg_reg[29]/C
                         clock pessimism              0.000     0.973    
                         clock uncertainty            0.035     1.008    
    SLICE_X38Y27         FDRE (Hold_fdre_C_D)         0.418     1.426    q0Reg_reg[29]
  -------------------------------------------------------------------
                         required time                         -1.426    
                         arrival time                           1.424    
  -------------------------------------------------------------------
                         slack                                 -0.002    

Slack (VIOLATED) :        -0.002ns  (arrival time - required time)
  Source:                 io_cfg_q0[2]
                            (input port clocked by clock  {rise@0.000ns fall@2.000ns period=4.000ns})
  Destination:            q0Reg_reg[2]/D
                            (rising edge-triggered cell FDRE clocked by clock  {rise@0.000ns fall@2.000ns period=4.000ns})
  Path Group:             clock
  Path Type:              Hold (Min at Slow Process Corner)
  Requirement:            0.000ns  (clock rise@0.000ns - clock rise@0.000ns)
  Data Path Delay:        0.924ns  (logic 0.000ns (0.000%)  route 0.924ns (100.000%))
  Logic Levels:           0  
  Input Delay:            0.500ns
  Clock Path Skew:        0.973ns (DCD - SCD - CPR)
    Destination Clock Delay (DCD):    0.973ns
    Source Clock Delay      (SCD):    0.000ns
    Clock Pessimism Removal (CPR):    -0.000ns
  Clock Uncertainty:      0.035ns  ((TSJ^2 + TIJ^2)^1/2 + DJ) / 2 + PE
    Total System Jitter     (TSJ):    0.071ns
    Total Input Jitter      (TIJ):    0.000ns
    Discrete Jitter          (DJ):    0.000ns
    Phase Error              (PE):    0.000ns

    Location             Delay type                Incr(ns)  Path(ns)    Netlist Resource(s)
  -------------------------------------------------------------------    -------------------
                         (clock clock rise edge)      0.000     0.000 r  
                         input delay                  0.500     0.500    
                                                      0.000     0.500 r  io_cfg_q0[2] (IN)
                         net (fo=0)                   0.924     1.424    io_cfg_q0[2]
    SLICE_X38Y20         FDRE                                         r  q0Reg_reg[2]/D
  -------------------------------------------------------------------    -------------------

                         (clock clock rise edge)      0.000     0.000 r  
                                                      0.000     0.000 r  clock (IN)
                         net (fo=2419, unset)         0.973     0.973    clock
    SLICE_X38Y20         FDRE                                         r  q0Reg_reg[2]/C
                         clock pessimism              0.000     0.973    
                         clock uncertainty            0.035     1.008    
    SLICE_X38Y20         FDRE (Hold_fdre_C_D)         0.418     1.426    q0Reg_reg[2]
  -------------------------------------------------------------------
                         required time                         -1.426    
                         arrival time                           1.424    
  -------------------------------------------------------------------
                         slack                                 -0.002    

Slack (VIOLATED) :        -0.002ns  (arrival time - required time)
  Source:                 io_cfg_q0[30]
                            (input port clocked by clock  {rise@0.000ns fall@2.000ns period=4.000ns})
  Destination:            q0Reg_reg[30]/D
                            (rising edge-triggered cell FDRE clocked by clock  {rise@0.000ns fall@2.000ns period=4.000ns})
  Path Group:             clock
  Path Type:              Hold (Min at Slow Process Corner)
  Requirement:            0.000ns  (clock rise@0.000ns - clock rise@0.000ns)
  Data Path Delay:        0.924ns  (logic 0.000ns (0.000%)  route 0.924ns (100.000%))
  Logic Levels:           0  
  Input Delay:            0.500ns
  Clock Path Skew:        0.973ns (DCD - SCD - CPR)
    Destination Clock Delay (DCD):    0.973ns
    Source Clock Delay      (SCD):    0.000ns
    Clock Pessimism Removal (CPR):    -0.000ns
  Clock Uncertainty:      0.035ns  ((TSJ^2 + TIJ^2)^1/2 + DJ) / 2 + PE
    Total System Jitter     (TSJ):    0.071ns
    Total Input Jitter      (TIJ):    0.000ns
    Discrete Jitter          (DJ):    0.000ns
    Phase Error              (PE):    0.000ns

    Location             Delay type                Incr(ns)  Path(ns)    Netlist Resource(s)
  -------------------------------------------------------------------    -------------------
                         (clock clock rise edge)      0.000     0.000 r  
                         input delay                  0.500     0.500    
                                                      0.000     0.500 r  io_cfg_q0[30] (IN)
                         net (fo=0)                   0.924     1.424    io_cfg_q0[30]
    SLICE_X38Y28         FDRE                                         r  q0Reg_reg[30]/D
  -------------------------------------------------------------------    -------------------

                         (clock clock rise edge)      0.000     0.000 r  
                                                      0.000     0.000 r  clock (IN)
                         net (fo=2419, unset)         0.973     0.973    clock
    SLICE_X38Y28         FDRE                                         r  q0Reg_reg[30]/C
                         clock pessimism              0.000     0.973    
                         clock uncertainty            0.035     1.008    
    SLICE_X38Y28         FDRE (Hold_fdre_C_D)         0.418     1.426    q0Reg_reg[30]
  -------------------------------------------------------------------
                         required time                         -1.426    
                         arrival time                           1.424    
  -------------------------------------------------------------------
                         slack                                 -0.002    

Slack (VIOLATED) :        -0.002ns  (arrival time - required time)
  Source:                 io_cfg_q0[31]
                            (input port clocked by clock  {rise@0.000ns fall@2.000ns period=4.000ns})
  Destination:            q0Reg_reg[31]/D
                            (rising edge-triggered cell FDRE clocked by clock  {rise@0.000ns fall@2.000ns period=4.000ns})
  Path Group:             clock
  Path Type:              Hold (Min at Slow Process Corner)
  Requirement:            0.000ns  (clock rise@0.000ns - clock rise@0.000ns)
  Data Path Delay:        0.924ns  (logic 0.000ns (0.000%)  route 0.924ns (100.000%))
  Logic Levels:           0  
  Input Delay:            0.500ns
  Clock Path Skew:        0.973ns (DCD - SCD - CPR)
    Destination Clock Delay (DCD):    0.973ns
    Source Clock Delay      (SCD):    0.000ns
    Clock Pessimism Removal (CPR):    -0.000ns
  Clock Uncertainty:      0.035ns  ((TSJ^2 + TIJ^2)^1/2 + DJ) / 2 + PE
    Total System Jitter     (TSJ):    0.071ns
    Total Input Jitter      (TIJ):    0.000ns
    Discrete Jitter          (DJ):    0.000ns
    Phase Error              (PE):    0.000ns

    Location             Delay type                Incr(ns)  Path(ns)    Netlist Resource(s)
  -------------------------------------------------------------------    -------------------
                         (clock clock rise edge)      0.000     0.000 r  
                         input delay                  0.500     0.500    
                                                      0.000     0.500 r  io_cfg_q0[31] (IN)
                         net (fo=0)                   0.924     1.424    io_cfg_q0[31]
    SLICE_X38Y27         FDRE                                         r  q0Reg_reg[31]/D
  -------------------------------------------------------------------    -------------------

                         (clock clock rise edge)      0.000     0.000 r  
                                                      0.000     0.000 r  clock (IN)
                         net (fo=2419, unset)         0.973     0.973    clock
    SLICE_X38Y27         FDRE                                         r  q0Reg_reg[31]/C
                         clock pessimism              0.000     0.973    
                         clock uncertainty            0.035     1.008    
    SLICE_X38Y27         FDRE (Hold_fdre_C_D)         0.418     1.426    q0Reg_reg[31]
  -------------------------------------------------------------------
                         required time                         -1.426    
                         arrival time                           1.424    
  -------------------------------------------------------------------
                         slack                                 -0.002    

Slack (VIOLATED) :        -0.002ns  (arrival time - required time)
  Source:                 io_cfg_q0[4]
                            (input port clocked by clock  {rise@0.000ns fall@2.000ns period=4.000ns})
  Destination:            q0Reg_reg[4]/D
                            (rising edge-triggered cell FDRE clocked by clock  {rise@0.000ns fall@2.000ns period=4.000ns})
  Path Group:             clock
  Path Type:              Hold (Min at Slow Process Corner)
  Requirement:            0.000ns  (clock rise@0.000ns - clock rise@0.000ns)
  Data Path Delay:        0.924ns  (logic 0.000ns (0.000%)  route 0.924ns (100.000%))
  Logic Levels:           0  
  Input Delay:            0.500ns
  Clock Path Skew:        0.973ns (DCD - SCD - CPR)
    Destination Clock Delay (DCD):    0.973ns
    Source Clock Delay      (SCD):    0.000ns
    Clock Pessimism Removal (CPR):    -0.000ns
  Clock Uncertainty:      0.035ns  ((TSJ^2 + TIJ^2)^1/2 + DJ) / 2 + PE
    Total System Jitter     (TSJ):    0.071ns
    Total Input Jitter      (TIJ):    0.000ns
    Discrete Jitter          (DJ):    0.000ns
    Phase Error              (PE):    0.000ns

    Location             Delay type                Incr(ns)  Path(ns)    Netlist Resource(s)
  -------------------------------------------------------------------    -------------------
                         (clock clock rise edge)      0.000     0.000 r  
                         input delay                  0.500     0.500    
                                                      0.000     0.500 r  io_cfg_q0[4] (IN)
                         net (fo=0)                   0.924     1.424    io_cfg_q0[4]
    SLICE_X38Y21         FDRE                                         r  q0Reg_reg[4]/D
  -------------------------------------------------------------------    -------------------

                         (clock clock rise edge)      0.000     0.000 r  
                                                      0.000     0.000 r  clock (IN)
                         net (fo=2419, unset)         0.973     0.973    clock
    SLICE_X38Y21         FDRE                                         r  q0Reg_reg[4]/C
                         clock pessimism              0.000     0.973    
                         clock uncertainty            0.035     1.008    
    SLICE_X38Y21         FDRE (Hold_fdre_C_D)         0.418     1.426    q0Reg_reg[4]
  -------------------------------------------------------------------
                         required time                         -1.426    
                         arrival time                           1.424    
  -------------------------------------------------------------------
                         slack                                 -0.002    

Slack (VIOLATED) :        -0.002ns  (arrival time - required time)
  Source:                 io_cfg_q0[5]
                            (input port clocked by clock  {rise@0.000ns fall@2.000ns period=4.000ns})
  Destination:            q0Reg_reg[5]/D
                            (rising edge-triggered cell FDRE clocked by clock  {rise@0.000ns fall@2.000ns period=4.000ns})
  Path Group:             clock
  Path Type:              Hold (Min at Slow Process Corner)
  Requirement:            0.000ns  (clock rise@0.000ns - clock rise@0.000ns)
  Data Path Delay:        0.924ns  (logic 0.000ns (0.000%)  route 0.924ns (100.000%))
  Logic Levels:           0  
  Input Delay:            0.500ns
  Clock Path Skew:        0.973ns (DCD - SCD - CPR)
    Destination Clock Delay (DCD):    0.973ns
    Source Clock Delay      (SCD):    0.000ns
    Clock Pessimism Removal (CPR):    -0.000ns
  Clock Uncertainty:      0.035ns  ((TSJ^2 + TIJ^2)^1/2 + DJ) / 2 + PE
    Total System Jitter     (TSJ):    0.071ns
    Total Input Jitter      (TIJ):    0.000ns
    Discrete Jitter          (DJ):    0.000ns
    Phase Error              (PE):    0.000ns

    Location             Delay type                Incr(ns)  Path(ns)    Netlist Resource(s)
  -------------------------------------------------------------------    -------------------
                         (clock clock rise edge)      0.000     0.000 r  
                         input delay                  0.500     0.500    
                                                      0.000     0.500 r  io_cfg_q0[5] (IN)
                         net (fo=0)                   0.924     1.424    io_cfg_q0[5]
    SLICE_X38Y21         FDRE                                         r  q0Reg_reg[5]/D
  -------------------------------------------------------------------    -------------------

                         (clock clock rise edge)      0.000     0.000 r  
                                                      0.000     0.000 r  clock (IN)
                         net (fo=2419, unset)         0.973     0.973    clock
    SLICE_X38Y21         FDRE                                         r  q0Reg_reg[5]/C
                         clock pessimism              0.000     0.973    
                         clock uncertainty            0.035     1.008    
    SLICE_X38Y21         FDRE (Hold_fdre_C_D)         0.418     1.426    q0Reg_reg[5]
  -------------------------------------------------------------------
                         required time                         -1.426    
                         arrival time                           1.424    
  -------------------------------------------------------------------
                         slack                                 -0.002    

Slack (VIOLATED) :        -0.002ns  (arrival time - required time)
  Source:                 io_cfg_q0[6]
                            (input port clocked by clock  {rise@0.000ns fall@2.000ns period=4.000ns})
  Destination:            q0Reg_reg[6]/D
                            (rising edge-triggered cell FDRE clocked by clock  {rise@0.000ns fall@2.000ns period=4.000ns})
  Path Group:             clock
  Path Type:              Hold (Min at Slow Process Corner)
  Requirement:            0.000ns  (clock rise@0.000ns - clock rise@0.000ns)
  Data Path Delay:        0.924ns  (logic 0.000ns (0.000%)  route 0.924ns (100.000%))
  Logic Levels:           0  
  Input Delay:            0.500ns
  Clock Path Skew:        0.973ns (DCD - SCD - CPR)
    Destination Clock Delay (DCD):    0.973ns
    Source Clock Delay      (SCD):    0.000ns
    Clock Pessimism Removal (CPR):    -0.000ns
  Clock Uncertainty:      0.035ns  ((TSJ^2 + TIJ^2)^1/2 + DJ) / 2 + PE
    Total System Jitter     (TSJ):    0.071ns
    Total Input Jitter      (TIJ):    0.000ns
    Discrete Jitter          (DJ):    0.000ns
    Phase Error              (PE):    0.000ns

    Location             Delay type                Incr(ns)  Path(ns)    Netlist Resource(s)
  -------------------------------------------------------------------    -------------------
                         (clock clock rise edge)      0.000     0.000 r  
                         input delay                  0.500     0.500    
                                                      0.000     0.500 r  io_cfg_q0[6] (IN)
                         net (fo=0)                   0.924     1.424    io_cfg_q0[6]
    SLICE_X38Y21         FDRE                                         r  q0Reg_reg[6]/D
  -------------------------------------------------------------------    -------------------

                         (clock clock rise edge)      0.000     0.000 r  
                                                      0.000     0.000 r  clock (IN)
                         net (fo=2419, unset)         0.973     0.973    clock
    SLICE_X38Y21         FDRE                                         r  q0Reg_reg[6]/C
                         clock pessimism              0.000     0.973    
                         clock uncertainty            0.035     1.008    
    SLICE_X38Y21         FDRE (Hold_fdre_C_D)         0.418     1.426    q0Reg_reg[6]
  -------------------------------------------------------------------
                         required time                         -1.426    
                         arrival time                           1.424    
  -------------------------------------------------------------------
                         slack                                 -0.002    

Slack (VIOLATED) :        -0.002ns  (arrival time - required time)
  Source:                 io_cfg_r[5]
                            (input port clocked by clock  {rise@0.000ns fall@2.000ns period=4.000ns})
  Destination:            rReg_reg[5]/D
                            (rising edge-triggered cell FDRE clocked by clock  {rise@0.000ns fall@2.000ns period=4.000ns})
  Path Group:             clock
  Path Type:              Hold (Min at Slow Process Corner)
  Requirement:            0.000ns  (clock rise@0.000ns - clock rise@0.000ns)
  Data Path Delay:        0.924ns  (logic 0.000ns (0.000%)  route 0.924ns (100.000%))
  Logic Levels:           0  
  Input Delay:            0.500ns
  Clock Path Skew:        0.973ns (DCD - SCD - CPR)
    Destination Clock Delay (DCD):    0.973ns
    Source Clock Delay      (SCD):    0.000ns
    Clock Pessimism Removal (CPR):    -0.000ns
  Clock Uncertainty:      0.035ns  ((TSJ^2 + TIJ^2)^1/2 + DJ) / 2 + PE
    Total System Jitter     (TSJ):    0.071ns
    Total Input Jitter      (TIJ):    0.000ns
    Discrete Jitter          (DJ):    0.000ns
    Phase Error              (PE):    0.000ns

    Location             Delay type                Incr(ns)  Path(ns)    Netlist Resource(s)
  -------------------------------------------------------------------    -------------------
                         (clock clock rise edge)      0.000     0.000 r  
                         input delay                  0.500     0.500    
                                                      0.000     0.500 r  io_cfg_r[5] (IN)
                         net (fo=0)                   0.924     1.424    io_cfg_r[5]
    SLICE_X36Y25         FDRE                                         r  rReg_reg[5]/D
  -------------------------------------------------------------------    -------------------

                         (clock clock rise edge)      0.000     0.000 r  
                                                      0.000     0.000 r  clock (IN)
                         net (fo=2419, unset)         0.973     0.973    clock
    SLICE_X36Y25         FDRE                                         r  rReg_reg[5]/C
                         clock pessimism              0.000     0.973    
                         clock uncertainty            0.035     1.008    
    SLICE_X36Y25         FDRE (Hold_fdre_C_D)         0.418     1.426    rReg_reg[5]
  -------------------------------------------------------------------
                         required time                         -1.426    
                         arrival time                           1.424    
  -------------------------------------------------------------------
                         slack                                 -0.002    

Slack (VIOLATED) :        -0.002ns  (arrival time - required time)
  Source:                 io_cfg_r[6]
                            (input port clocked by clock  {rise@0.000ns fall@2.000ns period=4.000ns})
  Destination:            rReg_reg[6]/D
                            (rising edge-triggered cell FDRE clocked by clock  {rise@0.000ns fall@2.000ns period=4.000ns})
  Path Group:             clock
  Path Type:              Hold (Min at Slow Process Corner)
  Requirement:            0.000ns  (clock rise@0.000ns - clock rise@0.000ns)
  Data Path Delay:        0.924ns  (logic 0.000ns (0.000%)  route 0.924ns (100.000%))
  Logic Levels:           0  
  Input Delay:            0.500ns
  Clock Path Skew:        0.973ns (DCD - SCD - CPR)
    Destination Clock Delay (DCD):    0.973ns
    Source Clock Delay      (SCD):    0.000ns
    Clock Pessimism Removal (CPR):    -0.000ns
  Clock Uncertainty:      0.035ns  ((TSJ^2 + TIJ^2)^1/2 + DJ) / 2 + PE
    Total System Jitter     (TSJ):    0.071ns
    Total Input Jitter      (TIJ):    0.000ns
    Discrete Jitter          (DJ):    0.000ns
    Phase Error              (PE):    0.000ns

    Location             Delay type                Incr(ns)  Path(ns)    Netlist Resource(s)
  -------------------------------------------------------------------    -------------------
                         (clock clock rise edge)      0.000     0.000 r  
                         input delay                  0.500     0.500    
                                                      0.000     0.500 r  io_cfg_r[6] (IN)
                         net (fo=0)                   0.924     1.424    io_cfg_r[6]
    SLICE_X36Y25         FDRE                                         r  rReg_reg[6]/D
  -------------------------------------------------------------------    -------------------

                         (clock clock rise edge)      0.000     0.000 r  
                                                      0.000     0.000 r  clock (IN)
                         net (fo=2419, unset)         0.973     0.973    clock
    SLICE_X36Y25         FDRE                                         r  rReg_reg[6]/C
                         clock pessimism              0.000     0.973    
                         clock uncertainty            0.035     1.008    
    SLICE_X36Y25         FDRE (Hold_fdre_C_D)         0.418     1.426    rReg_reg[6]
  -------------------------------------------------------------------
                         required time                         -1.426    
                         arrival time                           1.424    
  -------------------------------------------------------------------
                         slack                                 -0.002    

Slack (MET) :             0.059ns  (arrival time - required time)
  Source:                 io_cfg_q1[0]
                            (input port clocked by clock  {rise@0.000ns fall@2.000ns period=4.000ns})
  Destination:            q1Reg_reg[0]/D
                            (rising edge-triggered cell FDRE clocked by clock  {rise@0.000ns fall@2.000ns period=4.000ns})
  Path Group:             clock
  Path Type:              Hold (Min at Slow Process Corner)
  Requirement:            0.000ns  (clock rise@0.000ns - clock rise@0.000ns)
  Data Path Delay:        0.924ns  (logic 0.000ns (0.000%)  route 0.924ns (100.000%))
  Logic Levels:           0  
  Input Delay:            0.500ns
  Clock Path Skew:        0.973ns (DCD - SCD - CPR)
    Destination Clock Delay (DCD):    0.973ns
    Source Clock Delay      (SCD):    0.000ns
    Clock Pessimism Removal (CPR):    -0.000ns
  Clock Uncertainty:      0.035ns  ((TSJ^2 + TIJ^2)^1/2 + DJ) / 2 + PE
    Total System Jitter     (TSJ):    0.071ns
    Total Input Jitter      (TIJ):    0.000ns
    Discrete Jitter          (DJ):    0.000ns
    Phase Error              (PE):    0.000ns

    Location             Delay type                Incr(ns)  Path(ns)    Netlist Resource(s)
  -------------------------------------------------------------------    -------------------
                         (clock clock rise edge)      0.000     0.000 r  
                         input delay                  0.500     0.500    
                                                      0.000     0.500 r  io_cfg_q1[0] (IN)
                         net (fo=0)                   0.924     1.424    io_cfg_q1[0]
    SLICE_X84Y11         FDRE                                         r  q1Reg_reg[0]/D
  -------------------------------------------------------------------    -------------------

                         (clock clock rise edge)      0.000     0.000 r  
                                                      0.000     0.000 r  clock (IN)
                         net (fo=2419, unset)         0.973     0.973    clock
    SLICE_X84Y11         FDRE                                         r  q1Reg_reg[0]/C
                         clock pessimism              0.000     0.973    
                         clock uncertainty            0.035     1.008    
    SLICE_X84Y11         FDRE (Hold_fdre_C_D)         0.357     1.365    q1Reg_reg[0]
  -------------------------------------------------------------------
                         required time                         -1.365    
                         arrival time                           1.424    
  -------------------------------------------------------------------
                         slack                                  0.059    

Slack (MET) :             0.059ns  (arrival time - required time)
  Source:                 io_cfg_q1[10]
                            (input port clocked by clock  {rise@0.000ns fall@2.000ns period=4.000ns})
  Destination:            q1Reg_reg[10]/D
                            (rising edge-triggered cell FDRE clocked by clock  {rise@0.000ns fall@2.000ns period=4.000ns})
  Path Group:             clock
  Path Type:              Hold (Min at Slow Process Corner)
  Requirement:            0.000ns  (clock rise@0.000ns - clock rise@0.000ns)
  Data Path Delay:        0.924ns  (logic 0.000ns (0.000%)  route 0.924ns (100.000%))
  Logic Levels:           0  
  Input Delay:            0.500ns
  Clock Path Skew:        0.973ns (DCD - SCD - CPR)
    Destination Clock Delay (DCD):    0.973ns
    Source Clock Delay      (SCD):    0.000ns
    Clock Pessimism Removal (CPR):    -0.000ns
  Clock Uncertainty:      0.035ns  ((TSJ^2 + TIJ^2)^1/2 + DJ) / 2 + PE
    Total System Jitter     (TSJ):    0.071ns
    Total Input Jitter      (TIJ):    0.000ns
    Discrete Jitter          (DJ):    0.000ns
    Phase Error              (PE):    0.000ns

    Location             Delay type                Incr(ns)  Path(ns)    Netlist Resource(s)
  -------------------------------------------------------------------    -------------------
                         (clock clock rise edge)      0.000     0.000 r  
                         input delay                  0.500     0.500    
                                                      0.000     0.500 r  io_cfg_q1[10] (IN)
                         net (fo=0)                   0.924     1.424    io_cfg_q1[10]
    SLICE_X84Y12         FDRE                                         r  q1Reg_reg[10]/D
  -------------------------------------------------------------------    -------------------

                         (clock clock rise edge)      0.000     0.000 r  
                                                      0.000     0.000 r  clock (IN)
                         net (fo=2419, unset)         0.973     0.973    clock
    SLICE_X84Y12         FDRE                                         r  q1Reg_reg[10]/C
                         clock pessimism              0.000     0.973    
                         clock uncertainty            0.035     1.008    
    SLICE_X84Y12         FDRE (Hold_fdre_C_D)         0.357     1.365    q1Reg_reg[10]
  -------------------------------------------------------------------
                         required time                         -1.365    
                         arrival time                           1.424    
  -------------------------------------------------------------------
                         slack                                  0.059    

Slack (MET) :             0.059ns  (arrival time - required time)
  Source:                 io_cfg_q1[11]
                            (input port clocked by clock  {rise@0.000ns fall@2.000ns period=4.000ns})
  Destination:            q1Reg_reg[11]/D
                            (rising edge-triggered cell FDRE clocked by clock  {rise@0.000ns fall@2.000ns period=4.000ns})
  Path Group:             clock
  Path Type:              Hold (Min at Slow Process Corner)
  Requirement:            0.000ns  (clock rise@0.000ns - clock rise@0.000ns)
  Data Path Delay:        0.924ns  (logic 0.000ns (0.000%)  route 0.924ns (100.000%))
  Logic Levels:           0  
  Input Delay:            0.500ns
  Clock Path Skew:        0.973ns (DCD - SCD - CPR)
    Destination Clock Delay (DCD):    0.973ns
    Source Clock Delay      (SCD):    0.000ns
    Clock Pessimism Removal (CPR):    -0.000ns
  Clock Uncertainty:      0.035ns  ((TSJ^2 + TIJ^2)^1/2 + DJ) / 2 + PE
    Total System Jitter     (TSJ):    0.071ns
    Total Input Jitter      (TIJ):    0.000ns
    Discrete Jitter          (DJ):    0.000ns
    Phase Error              (PE):    0.000ns

    Location             Delay type                Incr(ns)  Path(ns)    Netlist Resource(s)
  -------------------------------------------------------------------    -------------------
                         (clock clock rise edge)      0.000     0.000 r  
                         input delay                  0.500     0.500    
                                                      0.000     0.500 r  io_cfg_q1[11] (IN)
                         net (fo=0)                   0.924     1.424    io_cfg_q1[11]
    SLICE_X84Y13         FDRE                                         r  q1Reg_reg[11]/D
  -------------------------------------------------------------------    -------------------

                         (clock clock rise edge)      0.000     0.000 r  
                                                      0.000     0.000 r  clock (IN)
                         net (fo=2419, unset)         0.973     0.973    clock
    SLICE_X84Y13         FDRE                                         r  q1Reg_reg[11]/C
                         clock pessimism              0.000     0.973    
                         clock uncertainty            0.035     1.008    
    SLICE_X84Y13         FDRE (Hold_fdre_C_D)         0.357     1.365    q1Reg_reg[11]
  -------------------------------------------------------------------
                         required time                         -1.365    
                         arrival time                           1.424    
  -------------------------------------------------------------------
                         slack                                  0.059    

Slack (MET) :             0.059ns  (arrival time - required time)
  Source:                 io_cfg_q1[12]
                            (input port clocked by clock  {rise@0.000ns fall@2.000ns period=4.000ns})
  Destination:            q1Reg_reg[12]/D
                            (rising edge-triggered cell FDRE clocked by clock  {rise@0.000ns fall@2.000ns period=4.000ns})
  Path Group:             clock
  Path Type:              Hold (Min at Slow Process Corner)
  Requirement:            0.000ns  (clock rise@0.000ns - clock rise@0.000ns)
  Data Path Delay:        0.924ns  (logic 0.000ns (0.000%)  route 0.924ns (100.000%))
  Logic Levels:           0  
  Input Delay:            0.500ns
  Clock Path Skew:        0.973ns (DCD - SCD - CPR)
    Destination Clock Delay (DCD):    0.973ns
    Source Clock Delay      (SCD):    0.000ns
    Clock Pessimism Removal (CPR):    -0.000ns
  Clock Uncertainty:      0.035ns  ((TSJ^2 + TIJ^2)^1/2 + DJ) / 2 + PE
    Total System Jitter     (TSJ):    0.071ns
    Total Input Jitter      (TIJ):    0.000ns
    Discrete Jitter          (DJ):    0.000ns
    Phase Error              (PE):    0.000ns

    Location             Delay type                Incr(ns)  Path(ns)    Netlist Resource(s)
  -------------------------------------------------------------------    -------------------
                         (clock clock rise edge)      0.000     0.000 r  
                         input delay                  0.500     0.500    
                                                      0.000     0.500 r  io_cfg_q1[12] (IN)
                         net (fo=0)                   0.924     1.424    io_cfg_q1[12]
    SLICE_X84Y12         FDRE                                         r  q1Reg_reg[12]/D
  -------------------------------------------------------------------    -------------------

                         (clock clock rise edge)      0.000     0.000 r  
                                                      0.000     0.000 r  clock (IN)
                         net (fo=2419, unset)         0.973     0.973    clock
    SLICE_X84Y12         FDRE                                         r  q1Reg_reg[12]/C
                         clock pessimism              0.000     0.973    
                         clock uncertainty            0.035     1.008    
    SLICE_X84Y12         FDRE (Hold_fdre_C_D)         0.357     1.365    q1Reg_reg[12]
  -------------------------------------------------------------------
                         required time                         -1.365    
                         arrival time                           1.424    
  -------------------------------------------------------------------
                         slack                                  0.059    

Slack (MET) :             0.059ns  (arrival time - required time)
  Source:                 io_cfg_q1[13]
                            (input port clocked by clock  {rise@0.000ns fall@2.000ns period=4.000ns})
  Destination:            q1Reg_reg[13]/D
                            (rising edge-triggered cell FDRE clocked by clock  {rise@0.000ns fall@2.000ns period=4.000ns})
  Path Group:             clock
  Path Type:              Hold (Min at Slow Process Corner)
  Requirement:            0.000ns  (clock rise@0.000ns - clock rise@0.000ns)
  Data Path Delay:        0.924ns  (logic 0.000ns (0.000%)  route 0.924ns (100.000%))
  Logic Levels:           0  
  Input Delay:            0.500ns
  Clock Path Skew:        0.973ns (DCD - SCD - CPR)
    Destination Clock Delay (DCD):    0.973ns
    Source Clock Delay      (SCD):    0.000ns
    Clock Pessimism Removal (CPR):    -0.000ns
  Clock Uncertainty:      0.035ns  ((TSJ^2 + TIJ^2)^1/2 + DJ) / 2 + PE
    Total System Jitter     (TSJ):    0.071ns
    Total Input Jitter      (TIJ):    0.000ns
    Discrete Jitter          (DJ):    0.000ns
    Phase Error              (PE):    0.000ns

    Location             Delay type                Incr(ns)  Path(ns)    Netlist Resource(s)
  -------------------------------------------------------------------    -------------------
                         (clock clock rise edge)      0.000     0.000 r  
                         input delay                  0.500     0.500    
                                                      0.000     0.500 r  io_cfg_q1[13] (IN)
                         net (fo=0)                   0.924     1.424    io_cfg_q1[13]
    SLICE_X85Y14         FDRE                                         r  q1Reg_reg[13]/D
  -------------------------------------------------------------------    -------------------

                         (clock clock rise edge)      0.000     0.000 r  
                                                      0.000     0.000 r  clock (IN)
                         net (fo=2419, unset)         0.973     0.973    clock
    SLICE_X85Y14         FDRE                                         r  q1Reg_reg[13]/C
                         clock pessimism              0.000     0.973    
                         clock uncertainty            0.035     1.008    
    SLICE_X85Y14         FDRE (Hold_fdre_C_D)         0.357     1.365    q1Reg_reg[13]
  -------------------------------------------------------------------
                         required time                         -1.365    
                         arrival time                           1.424    
  -------------------------------------------------------------------
                         slack                                  0.059    

Slack (MET) :             0.059ns  (arrival time - required time)
  Source:                 io_cfg_q1[14]
                            (input port clocked by clock  {rise@0.000ns fall@2.000ns period=4.000ns})
  Destination:            q1Reg_reg[14]/D
                            (rising edge-triggered cell FDRE clocked by clock  {rise@0.000ns fall@2.000ns period=4.000ns})
  Path Group:             clock
  Path Type:              Hold (Min at Slow Process Corner)
  Requirement:            0.000ns  (clock rise@0.000ns - clock rise@0.000ns)
  Data Path Delay:        0.924ns  (logic 0.000ns (0.000%)  route 0.924ns (100.000%))
  Logic Levels:           0  
  Input Delay:            0.500ns
  Clock Path Skew:        0.973ns (DCD - SCD - CPR)
    Destination Clock Delay (DCD):    0.973ns
    Source Clock Delay      (SCD):    0.000ns
    Clock Pessimism Removal (CPR):    -0.000ns
  Clock Uncertainty:      0.035ns  ((TSJ^2 + TIJ^2)^1/2 + DJ) / 2 + PE
    Total System Jitter     (TSJ):    0.071ns
    Total Input Jitter      (TIJ):    0.000ns
    Discrete Jitter          (DJ):    0.000ns
    Phase Error              (PE):    0.000ns

    Location             Delay type                Incr(ns)  Path(ns)    Netlist Resource(s)
  -------------------------------------------------------------------    -------------------
                         (clock clock rise edge)      0.000     0.000 r  
                         input delay                  0.500     0.500    
                                                      0.000     0.500 r  io_cfg_q1[14] (IN)
                         net (fo=0)                   0.924     1.424    io_cfg_q1[14]
    SLICE_X84Y14         FDRE                                         r  q1Reg_reg[14]/D
  -------------------------------------------------------------------    -------------------

                         (clock clock rise edge)      0.000     0.000 r  
                                                      0.000     0.000 r  clock (IN)
                         net (fo=2419, unset)         0.973     0.973    clock
    SLICE_X84Y14         FDRE                                         r  q1Reg_reg[14]/C
                         clock pessimism              0.000     0.973    
                         clock uncertainty            0.035     1.008    
    SLICE_X84Y14         FDRE (Hold_fdre_C_D)         0.357     1.365    q1Reg_reg[14]
  -------------------------------------------------------------------
                         required time                         -1.365    
                         arrival time                           1.424    
  -------------------------------------------------------------------
                         slack                                  0.059    

Slack (MET) :             0.059ns  (arrival time - required time)
  Source:                 io_cfg_q1[15]
                            (input port clocked by clock  {rise@0.000ns fall@2.000ns period=4.000ns})
  Destination:            q1Reg_reg[15]/D
                            (rising edge-triggered cell FDRE clocked by clock  {rise@0.000ns fall@2.000ns period=4.000ns})
  Path Group:             clock
  Path Type:              Hold (Min at Slow Process Corner)
  Requirement:            0.000ns  (clock rise@0.000ns - clock rise@0.000ns)
  Data Path Delay:        0.924ns  (logic 0.000ns (0.000%)  route 0.924ns (100.000%))
  Logic Levels:           0  
  Input Delay:            0.500ns
  Clock Path Skew:        0.973ns (DCD - SCD - CPR)
    Destination Clock Delay (DCD):    0.973ns
    Source Clock Delay      (SCD):    0.000ns
    Clock Pessimism Removal (CPR):    -0.000ns
  Clock Uncertainty:      0.035ns  ((TSJ^2 + TIJ^2)^1/2 + DJ) / 2 + PE
    Total System Jitter     (TSJ):    0.071ns
    Total Input Jitter      (TIJ):    0.000ns
    Discrete Jitter          (DJ):    0.000ns
    Phase Error              (PE):    0.000ns

    Location             Delay type                Incr(ns)  Path(ns)    Netlist Resource(s)
  -------------------------------------------------------------------    -------------------
                         (clock clock rise edge)      0.000     0.000 r  
                         input delay                  0.500     0.500    
                                                      0.000     0.500 r  io_cfg_q1[15] (IN)
                         net (fo=0)                   0.924     1.424    io_cfg_q1[15]
    SLICE_X84Y12         FDRE                                         r  q1Reg_reg[15]/D
  -------------------------------------------------------------------    -------------------

                         (clock clock rise edge)      0.000     0.000 r  
                                                      0.000     0.000 r  clock (IN)
                         net (fo=2419, unset)         0.973     0.973    clock
    SLICE_X84Y12         FDRE                                         r  q1Reg_reg[15]/C
                         clock pessimism              0.000     0.973    
                         clock uncertainty            0.035     1.008    
    SLICE_X84Y12         FDRE (Hold_fdre_C_D)         0.357     1.365    q1Reg_reg[15]
  -------------------------------------------------------------------
                         required time                         -1.365    
                         arrival time                           1.424    
  -------------------------------------------------------------------
                         slack                                  0.059    

Slack (MET) :             0.059ns  (arrival time - required time)
  Source:                 io_cfg_q1[16]
                            (input port clocked by clock  {rise@0.000ns fall@2.000ns period=4.000ns})
  Destination:            q1Reg_reg[16]/D
                            (rising edge-triggered cell FDRE clocked by clock  {rise@0.000ns fall@2.000ns period=4.000ns})
  Path Group:             clock
  Path Type:              Hold (Min at Slow Process Corner)
  Requirement:            0.000ns  (clock rise@0.000ns - clock rise@0.000ns)
  Data Path Delay:        0.924ns  (logic 0.000ns (0.000%)  route 0.924ns (100.000%))
  Logic Levels:           0  
  Input Delay:            0.500ns
  Clock Path Skew:        0.973ns (DCD - SCD - CPR)
    Destination Clock Delay (DCD):    0.973ns
    Source Clock Delay      (SCD):    0.000ns
    Clock Pessimism Removal (CPR):    -0.000ns
  Clock Uncertainty:      0.035ns  ((TSJ^2 + TIJ^2)^1/2 + DJ) / 2 + PE
    Total System Jitter     (TSJ):    0.071ns
    Total Input Jitter      (TIJ):    0.000ns
    Discrete Jitter          (DJ):    0.000ns
    Phase Error              (PE):    0.000ns

    Location             Delay type                Incr(ns)  Path(ns)    Netlist Resource(s)
  -------------------------------------------------------------------    -------------------
                         (clock clock rise edge)      0.000     0.000 r  
                         input delay                  0.500     0.500    
                                                      0.000     0.500 r  io_cfg_q1[16] (IN)
                         net (fo=0)                   0.924     1.424    io_cfg_q1[16]
    SLICE_X84Y13         FDRE                                         r  q1Reg_reg[16]/D
  -------------------------------------------------------------------    -------------------

                         (clock clock rise edge)      0.000     0.000 r  
                                                      0.000     0.000 r  clock (IN)
                         net (fo=2419, unset)         0.973     0.973    clock
    SLICE_X84Y13         FDRE                                         r  q1Reg_reg[16]/C
                         clock pessimism              0.000     0.973    
                         clock uncertainty            0.035     1.008    
    SLICE_X84Y13         FDRE (Hold_fdre_C_D)         0.357     1.365    q1Reg_reg[16]
  -------------------------------------------------------------------
                         required time                         -1.365    
                         arrival time                           1.424    
  -------------------------------------------------------------------
                         slack                                  0.059    

Slack (MET) :             0.059ns  (arrival time - required time)
  Source:                 io_cfg_q1[17]
                            (input port clocked by clock  {rise@0.000ns fall@2.000ns period=4.000ns})
  Destination:            q1Reg_reg[17]/D
                            (rising edge-triggered cell FDRE clocked by clock  {rise@0.000ns fall@2.000ns period=4.000ns})
  Path Group:             clock
  Path Type:              Hold (Min at Slow Process Corner)
  Requirement:            0.000ns  (clock rise@0.000ns - clock rise@0.000ns)
  Data Path Delay:        0.924ns  (logic 0.000ns (0.000%)  route 0.924ns (100.000%))
  Logic Levels:           0  
  Input Delay:            0.500ns
  Clock Path Skew:        0.973ns (DCD - SCD - CPR)
    Destination Clock Delay (DCD):    0.973ns
    Source Clock Delay      (SCD):    0.000ns
    Clock Pessimism Removal (CPR):    -0.000ns
  Clock Uncertainty:      0.035ns  ((TSJ^2 + TIJ^2)^1/2 + DJ) / 2 + PE
    Total System Jitter     (TSJ):    0.071ns
    Total Input Jitter      (TIJ):    0.000ns
    Discrete Jitter          (DJ):    0.000ns
    Phase Error              (PE):    0.000ns

    Location             Delay type                Incr(ns)  Path(ns)    Netlist Resource(s)
  -------------------------------------------------------------------    -------------------
                         (clock clock rise edge)      0.000     0.000 r  
                         input delay                  0.500     0.500    
                                                      0.000     0.500 r  io_cfg_q1[17] (IN)
                         net (fo=0)                   0.924     1.424    io_cfg_q1[17]
    SLICE_X85Y15         FDRE                                         r  q1Reg_reg[17]/D
  -------------------------------------------------------------------    -------------------

                         (clock clock rise edge)      0.000     0.000 r  
                                                      0.000     0.000 r  clock (IN)
                         net (fo=2419, unset)         0.973     0.973    clock
    SLICE_X85Y15         FDRE                                         r  q1Reg_reg[17]/C
                         clock pessimism              0.000     0.973    
                         clock uncertainty            0.035     1.008    
    SLICE_X85Y15         FDRE (Hold_fdre_C_D)         0.357     1.365    q1Reg_reg[17]
  -------------------------------------------------------------------
                         required time                         -1.365    
                         arrival time                           1.424    
  -------------------------------------------------------------------
                         slack                                  0.059    

Slack (MET) :             0.059ns  (arrival time - required time)
  Source:                 io_cfg_q1[18]
                            (input port clocked by clock  {rise@0.000ns fall@2.000ns period=4.000ns})
  Destination:            q1Reg_reg[18]/D
                            (rising edge-triggered cell FDRE clocked by clock  {rise@0.000ns fall@2.000ns period=4.000ns})
  Path Group:             clock
  Path Type:              Hold (Min at Slow Process Corner)
  Requirement:            0.000ns  (clock rise@0.000ns - clock rise@0.000ns)
  Data Path Delay:        0.924ns  (logic 0.000ns (0.000%)  route 0.924ns (100.000%))
  Logic Levels:           0  
  Input Delay:            0.500ns
  Clock Path Skew:        0.973ns (DCD - SCD - CPR)
    Destination Clock Delay (DCD):    0.973ns
    Source Clock Delay      (SCD):    0.000ns
    Clock Pessimism Removal (CPR):    -0.000ns
  Clock Uncertainty:      0.035ns  ((TSJ^2 + TIJ^2)^1/2 + DJ) / 2 + PE
    Total System Jitter     (TSJ):    0.071ns
    Total Input Jitter      (TIJ):    0.000ns
    Discrete Jitter          (DJ):    0.000ns
    Phase Error              (PE):    0.000ns

    Location             Delay type                Incr(ns)  Path(ns)    Netlist Resource(s)
  -------------------------------------------------------------------    -------------------
                         (clock clock rise edge)      0.000     0.000 r  
                         input delay                  0.500     0.500    
                                                      0.000     0.500 r  io_cfg_q1[18] (IN)
                         net (fo=0)                   0.924     1.424    io_cfg_q1[18]
    SLICE_X84Y13         FDRE                                         r  q1Reg_reg[18]/D
  -------------------------------------------------------------------    -------------------

                         (clock clock rise edge)      0.000     0.000 r  
                                                      0.000     0.000 r  clock (IN)
                         net (fo=2419, unset)         0.973     0.973    clock
    SLICE_X84Y13         FDRE                                         r  q1Reg_reg[18]/C
                         clock pessimism              0.000     0.973    
                         clock uncertainty            0.035     1.008    
    SLICE_X84Y13         FDRE (Hold_fdre_C_D)         0.357     1.365    q1Reg_reg[18]
  -------------------------------------------------------------------
                         required time                         -1.365    
                         arrival time                           1.424    
  -------------------------------------------------------------------
                         slack                                  0.059    

Slack (MET) :             0.059ns  (arrival time - required time)
  Source:                 io_cfg_q1[19]
                            (input port clocked by clock  {rise@0.000ns fall@2.000ns period=4.000ns})
  Destination:            q1Reg_reg[19]/D
                            (rising edge-triggered cell FDRE clocked by clock  {rise@0.000ns fall@2.000ns period=4.000ns})
  Path Group:             clock
  Path Type:              Hold (Min at Slow Process Corner)
  Requirement:            0.000ns  (clock rise@0.000ns - clock rise@0.000ns)
  Data Path Delay:        0.924ns  (logic 0.000ns (0.000%)  route 0.924ns (100.000%))
  Logic Levels:           0  
  Input Delay:            0.500ns
  Clock Path Skew:        0.973ns (DCD - SCD - CPR)
    Destination Clock Delay (DCD):    0.973ns
    Source Clock Delay      (SCD):    0.000ns
    Clock Pessimism Removal (CPR):    -0.000ns
  Clock Uncertainty:      0.035ns  ((TSJ^2 + TIJ^2)^1/2 + DJ) / 2 + PE
    Total System Jitter     (TSJ):    0.071ns
    Total Input Jitter      (TIJ):    0.000ns
    Discrete Jitter          (DJ):    0.000ns
    Phase Error              (PE):    0.000ns

    Location             Delay type                Incr(ns)  Path(ns)    Netlist Resource(s)
  -------------------------------------------------------------------    -------------------
                         (clock clock rise edge)      0.000     0.000 r  
                         input delay                  0.500     0.500    
                                                      0.000     0.500 r  io_cfg_q1[19] (IN)
                         net (fo=0)                   0.924     1.424    io_cfg_q1[19]
    SLICE_X85Y15         FDRE                                         r  q1Reg_reg[19]/D
  -------------------------------------------------------------------    -------------------

                         (clock clock rise edge)      0.000     0.000 r  
                                                      0.000     0.000 r  clock (IN)
                         net (fo=2419, unset)         0.973     0.973    clock
    SLICE_X85Y15         FDRE                                         r  q1Reg_reg[19]/C
                         clock pessimism              0.000     0.973    
                         clock uncertainty            0.035     1.008    
    SLICE_X85Y15         FDRE (Hold_fdre_C_D)         0.357     1.365    q1Reg_reg[19]
  -------------------------------------------------------------------
                         required time                         -1.365    
                         arrival time                           1.424    
  -------------------------------------------------------------------
                         slack                                  0.059    

Slack (MET) :             0.059ns  (arrival time - required time)
  Source:                 io_cfg_q1[1]
                            (input port clocked by clock  {rise@0.000ns fall@2.000ns period=4.000ns})
  Destination:            q1Reg_reg[1]/D
                            (rising edge-triggered cell FDRE clocked by clock  {rise@0.000ns fall@2.000ns period=4.000ns})
  Path Group:             clock
  Path Type:              Hold (Min at Slow Process Corner)
  Requirement:            0.000ns  (clock rise@0.000ns - clock rise@0.000ns)
  Data Path Delay:        0.924ns  (logic 0.000ns (0.000%)  route 0.924ns (100.000%))
  Logic Levels:           0  
  Input Delay:            0.500ns
  Clock Path Skew:        0.973ns (DCD - SCD - CPR)
    Destination Clock Delay (DCD):    0.973ns
    Source Clock Delay      (SCD):    0.000ns
    Clock Pessimism Removal (CPR):    -0.000ns
  Clock Uncertainty:      0.035ns  ((TSJ^2 + TIJ^2)^1/2 + DJ) / 2 + PE
    Total System Jitter     (TSJ):    0.071ns
    Total Input Jitter      (TIJ):    0.000ns
    Discrete Jitter          (DJ):    0.000ns
    Phase Error              (PE):    0.000ns

    Location             Delay type                Incr(ns)  Path(ns)    Netlist Resource(s)
  -------------------------------------------------------------------    -------------------
                         (clock clock rise edge)      0.000     0.000 r  
                         input delay                  0.500     0.500    
                                                      0.000     0.500 r  io_cfg_q1[1] (IN)
                         net (fo=0)                   0.924     1.424    io_cfg_q1[1]
    SLICE_X84Y10         FDRE                                         r  q1Reg_reg[1]/D
  -------------------------------------------------------------------    -------------------

                         (clock clock rise edge)      0.000     0.000 r  
                                                      0.000     0.000 r  clock (IN)
                         net (fo=2419, unset)         0.973     0.973    clock
    SLICE_X84Y10         FDRE                                         r  q1Reg_reg[1]/C
                         clock pessimism              0.000     0.973    
                         clock uncertainty            0.035     1.008    
    SLICE_X84Y10         FDRE (Hold_fdre_C_D)         0.357     1.365    q1Reg_reg[1]
  -------------------------------------------------------------------
                         required time                         -1.365    
                         arrival time                           1.424    
  -------------------------------------------------------------------
                         slack                                  0.059    

Slack (MET) :             0.059ns  (arrival time - required time)
  Source:                 io_cfg_q1[20]
                            (input port clocked by clock  {rise@0.000ns fall@2.000ns period=4.000ns})
  Destination:            q1Reg_reg[20]/D
                            (rising edge-triggered cell FDRE clocked by clock  {rise@0.000ns fall@2.000ns period=4.000ns})
  Path Group:             clock
  Path Type:              Hold (Min at Slow Process Corner)
  Requirement:            0.000ns  (clock rise@0.000ns - clock rise@0.000ns)
  Data Path Delay:        0.924ns  (logic 0.000ns (0.000%)  route 0.924ns (100.000%))
  Logic Levels:           0  
  Input Delay:            0.500ns
  Clock Path Skew:        0.973ns (DCD - SCD - CPR)
    Destination Clock Delay (DCD):    0.973ns
    Source Clock Delay      (SCD):    0.000ns
    Clock Pessimism Removal (CPR):    -0.000ns
  Clock Uncertainty:      0.035ns  ((TSJ^2 + TIJ^2)^1/2 + DJ) / 2 + PE
    Total System Jitter     (TSJ):    0.071ns
    Total Input Jitter      (TIJ):    0.000ns
    Discrete Jitter          (DJ):    0.000ns
    Phase Error              (PE):    0.000ns

    Location             Delay type                Incr(ns)  Path(ns)    Netlist Resource(s)
  -------------------------------------------------------------------    -------------------
                         (clock clock rise edge)      0.000     0.000 r  
                         input delay                  0.500     0.500    
                                                      0.000     0.500 r  io_cfg_q1[20] (IN)
                         net (fo=0)                   0.924     1.424    io_cfg_q1[20]
    SLICE_X84Y16         FDRE                                         r  q1Reg_reg[20]/D
  -------------------------------------------------------------------    -------------------

                         (clock clock rise edge)      0.000     0.000 r  
                                                      0.000     0.000 r  clock (IN)
                         net (fo=2419, unset)         0.973     0.973    clock
    SLICE_X84Y16         FDRE                                         r  q1Reg_reg[20]/C
                         clock pessimism              0.000     0.973    
                         clock uncertainty            0.035     1.008    
    SLICE_X84Y16         FDRE (Hold_fdre_C_D)         0.357     1.365    q1Reg_reg[20]
  -------------------------------------------------------------------
                         required time                         -1.365    
                         arrival time                           1.424    
  -------------------------------------------------------------------
                         slack                                  0.059    




