Copyright 1986-2022 Xilinx, Inc. All Rights Reserved. Copyright 2022-2024 Advanced Micro Devices, Inc. All Rights Reserved.
---------------------------------------------------------------------------------------------------------------------------------------------
| Tool Version : Vivado v.2024.1 (win64) Build 5076996 Wed May 22 18:37:14 MDT 2024
| Date         : Thu Sep 17 19:52:17 2026
| Host         : SRIKARVELA8715 running 64-bit major release  (build 9200)
| Command      : report_timing_summary -file C:/kalman/reports/N_4.000ns/timing_summary.rpt
| Design       : KalmanFilter
| Device       : 7z020-clg400
| Speed File   : -1  PRODUCTION 1.12 2019-11-22
| Design State : Routed
---------------------------------------------------------------------------------------------------------------------------------------------

Timing Summary Report

------------------------------------------------------------------------------------------------
| Timer Settings
| --------------
------------------------------------------------------------------------------------------------

  Enable Multi Corner Analysis               :  Yes
  Enable Pessimism Removal                   :  Yes
  Pessimism Removal Resolution               :  Nearest Common Node
  Enable Input Delay Default Clock           :  No
  Enable Preset / Clear Arcs                 :  No
  Disable Flight Delays                      :  No
  Ignore I/O Paths                           :  No
  Timing Early Launch at Borrowing Latches   :  No
  Borrow Time for Max Delay Exceptions       :  Yes
  Merge Timing Exceptions                    :  Yes
  Inter-SLR Compensation                     :  Conservative

  Corner  Analyze    Analyze    
  Name    Max Paths  Min Paths  
  ------  ---------  ---------  
  Slow    Yes        Yes        
  Fast    Yes        Yes        


------------------------------------------------------------------------------------------------
| Report Methodology
| ------------------
------------------------------------------------------------------------------------------------

No report available as report_methodology has not been run prior. Run report_methodology on the current design for the summary of methodology violations.



check_timing report

Table of Contents
-----------------
1. checking no_clock (0)
2. checking constant_clock (0)
3. checking pulse_width_clock (0)
4. checking unconstrained_internal_endpoints (0)
5. checking no_input_delay (0)
6. checking no_output_delay (0)
7. checking multiple_clock (0)
8. checking generated_clocks (0)
9. checking loops (0)
10. checking partial_input_delay (0)
11. checking partial_output_delay (0)
12. checking latch_loops (0)

1. checking no_clock (0)
------------------------
 There are 0 register/latch pins with no clock.


2. checking constant_clock (0)
------------------------------
 There are 0 register/latch pins with constant_clock.


3. checking pulse_width_clock (0)
---------------------------------
 There are 0 register/latch pins which need pulse_width check


4. checking unconstrained_internal_endpoints (0)
------------------------------------------------
 There are 0 pins that are not constrained for maximum delay.

 There are 0 pins that are not constrained for maximum delay due to constant clock.


5. checking no_input_delay (0)
------------------------------
 There are 0 input ports with no input delay specified.

 There are 0 input ports with no input delay but user has a false path constraint.


6. checking no_output_delay (0)
-------------------------------
 There are 0 ports with no output delay specified.

 There are 0 ports with no output delay but user has a false path constraint

 There are 0 ports with no output delay but with a timing clock defined on it or propagating through it


7. checking multiple_clock (0)
------------------------------
 There are 0 register/latch pins with multiple clocks.


8. checking generated_clocks (0)
--------------------------------
 There are 0 generated clocks that are not connected to a clock source.


9. checking loops (0)
---------------------
 There are 0 combinational loops in the design.


10. checking partial_input_delay (0)
------------------------------------
 There are 0 input ports with partial input delay specified.


11. checking partial_output_delay (0)
-------------------------------------
 There are 0 ports with partial output delay specified.


12. checking latch_loops (0)
----------------------------
 There are 0 combinational latch loops in the design through latch input



------------------------------------------------------------------------------------------------
| Design Timing Summary
| ---------------------
------------------------------------------------------------------------------------------------

    WNS(ns)      TNS(ns)  TNS Failing Endpoints  TNS Total Endpoints      WHS(ns)      THS(ns)  THS Failing Endpoints  THS Total Endpoints     WPWS(ns)     TPWS(ns)  TPWS Failing Endpoints  TPWS Total Endpoints  
    -------      -------  ---------------------  -------------------      -------      -------  ---------------------  -------------------     --------     --------  ----------------------  --------------------  
    -13.516   -38833.145                   8027                 9261       -0.002       -0.034                     17                 9261        0.116        0.000                       0                  2400  


Timing constraints are not met.


------------------------------------------------------------------------------------------------
| Clock Summary
| -------------
------------------------------------------------------------------------------------------------

Clock  Waveform(ns)         Period(ns)      Frequency(MHz)
-----  ------------         ----------      --------------
clock  {0.000 2.000}        4.000           250.000         


------------------------------------------------------------------------------------------------
| Intra Clock Table
| -----------------
------------------------------------------------------------------------------------------------

Clock             WNS(ns)      TNS(ns)  TNS Failing Endpoints  TNS Total Endpoints      WHS(ns)      THS(ns)  THS Failing Endpoints  THS Total Endpoints     WPWS(ns)     TPWS(ns)  TPWS Failing Endpoints  TPWS Total Endpoints  
-----             -------      -------  ---------------------  -------------------      -------      -------  ---------------------  -------------------     --------     --------  ----------------------  --------------------  
clock             -13.516   -38833.145                   8027                 9261       -0.002       -0.034                     17                 9261        0.116        0.000                       0                  2400  


------------------------------------------------------------------------------------------------
| Inter Clock Table
| -----------------
------------------------------------------------------------------------------------------------

From Clock    To Clock          WNS(ns)      TNS(ns)  TNS Failing Endpoints  TNS Total Endpoints      WHS(ns)      THS(ns)  THS Failing Endpoints  THS Total Endpoints  
----------    --------          -------      -------  ---------------------  -------------------      -------      -------  ---------------------  -------------------  


------------------------------------------------------------------------------------------------
| Other Path Groups Table
| -----------------------
------------------------------------------------------------------------------------------------

Path Group    From Clock    To Clock          WNS(ns)      TNS(ns)  TNS Failing Endpoints  TNS Total Endpoints      WHS(ns)      THS(ns)  THS Failing Endpoints  THS Total Endpoints  
----------    ----------    --------          -------      -------  ---------------------  -------------------      -------      -------  ---------------------  -------------------  


------------------------------------------------------------------------------------------------
| Timing Details
| --------------
------------------------------------------------------------------------------------------------


---------------------------------------------------------------------------------------------------
From Clock:  clock
  To Clock:  clock

Setup :         8027  Failing Endpoints,  Worst Slack      -13.516ns,  Total Violation   -38833.146ns
Hold  :           17  Failing Endpoints,  Worst Slack       -0.002ns,  Total Violation       -0.034ns
PW    :            0  Failing Endpoints,  Worst Slack        0.116ns,  Total Violation        0.000ns
---------------------------------------------------------------------------------------------------


Max Delay Paths
--------------------------------------------------------------------------------------
Slack (VIOLATED) :        -13.516ns  (required time - arrival time)
  Source:                 x0_reg[4]/C
                            (rising edge-triggered cell FDRE clocked by clock  {rise@0.000ns fall@2.000ns period=4.000ns})
  Destination:            k1YMul/prodReg_reg/PCIN[0]
                            (rising edge-triggered cell DSP48E1 clocked by clock  {rise@0.000ns fall@2.000ns period=4.000ns})
  Path Group:             clock
  Path Type:              Setup (Max at Slow Process Corner)
  Requirement:            4.000ns  (clock rise@4.000ns - clock rise@0.000ns)
  Data Path Delay:        16.032ns  (logic 10.952ns (68.312%)  route 5.080ns (31.688%))
  Logic Levels:           25  (CARRY4=19 DSP48E1=1 LUT2=3 LUT3=2)
  Clock Path Skew:        -0.049ns (DCD - SCD + CPR)
    Destination Clock Delay (DCD):    0.924ns = ( 4.924 - 4.000 ) 
    Source Clock Delay      (SCD):    0.973ns
    Clock Pessimism Removal (CPR):    0.000ns
  Clock Uncertainty:      0.035ns  ((TSJ^2 + TIJ^2)^1/2 + DJ) / 2 + PE
    Total System Jitter     (TSJ):    0.071ns
    Total Input Jitter      (TIJ):    0.000ns
    Discrete Jitter          (DJ):    0.000ns
    Phase Error              (PE):    0.000ns

    Location             Delay type                Incr(ns)  Path(ns)    Netlist Resource(s)
  -------------------------------------------------------------------    -------------------
                         (clock clock rise edge)      0.000     0.000 r  
                                                      0.000     0.000 r  clock (IN)
                         net (fo=2419, unset)         0.973     0.973    clock
    SLICE_X30Y1          FDRE                                         r  x0_reg[4]/C
  -------------------------------------------------------------------    -------------------
    SLICE_X30Y1          FDRE (Prop_fdre_C_Q)         0.518     1.491 r  x0_reg[4]/Q
                         net (fo=2, routed)           0.558     2.049    mulDtX1/Q[4]
    SLICE_X25Y1          LUT2 (Prop_lut2_I0_O)        0.124     2.173 r  mulDtX1/io_out_price[7]_INST_0_i_10/O
                         net (fo=1, routed)           0.000     2.173    mulDtX1/io_out_price[7]_INST_0_i_10_n_0
    SLICE_X25Y1          CARRY4 (Prop_carry4_S[0]_CO[3])
                                                      0.532     2.705 r  mulDtX1/io_out_price[7]_INST_0_i_6/CO[3]
                         net (fo=1, routed)           0.000     2.705    mulDtX1/io_out_price[7]_INST_0_i_6_n_0
    SLICE_X25Y2          CARRY4 (Prop_carry4_CI_CO[3])
                                                      0.114     2.819 r  mulDtX1/io_out_price[11]_INST_0_i_6/CO[3]
                         net (fo=1, routed)           0.000     2.819    mulDtX1/io_out_price[11]_INST_0_i_6_n_0
    SLICE_X25Y3          CARRY4 (Prop_carry4_CI_CO[3])
                                                      0.114     2.933 r  mulDtX1/io_out_price[15]_INST_0_i_6/CO[3]
                         net (fo=1, routed)           0.000     2.933    mulDtX1/io_out_price[15]_INST_0_i_6_n_0
    SLICE_X25Y4          CARRY4 (Prop_carry4_CI_CO[3])
                                                      0.114     3.047 r  mulDtX1/io_out_price[19]_INST_0_i_6/CO[3]
                         net (fo=1, routed)           0.000     3.047    mulDtX1/io_out_price[19]_INST_0_i_6_n_0
    SLICE_X25Y5          CARRY4 (Prop_carry4_CI_CO[3])
                                                      0.114     3.161 r  mulDtX1/io_out_price[23]_INST_0_i_6/CO[3]
                         net (fo=1, routed)           0.000     3.161    mulDtX1/io_out_price[23]_INST_0_i_6_n_0
    SLICE_X25Y6          CARRY4 (Prop_carry4_CI_CO[3])
                                                      0.114     3.275 r  mulDtX1/io_out_price[27]_INST_0_i_6/CO[3]
                         net (fo=1, routed)           0.000     3.275    mulDtX1/io_out_price[27]_INST_0_i_6_n_0
    SLICE_X25Y7          CARRY4 (Prop_carry4_CI_O[3])
                                                      0.313     3.588 r  mulDtX1/io_out_price[31]_INST_0_i_16/O[3]
                         net (fo=7, routed)           0.814     4.402    mulDtX1/io_out_price[31]_INST_0_i_16_n_4
    SLICE_X28Y4          LUT2 (Prop_lut2_I0_O)        0.306     4.708 r  mulDtX1/io_out_price[31]_INST_0_i_21/O
                         net (fo=1, routed)           0.000     4.708    mulDtX1/io_out_price[31]_INST_0_i_21_n_0
    SLICE_X28Y4          CARRY4 (Prop_carry4_S[0]_CO[1])
                                                      0.457     5.165 r  mulDtX1/io_out_price[31]_INST_0_i_15/CO[1]
                         net (fo=66, routed)          0.776     5.941    mulDtX1/_xPred0_clamped_T_21
    SLICE_X26Y0          LUT3 (Prop_lut3_I1_O)        0.329     6.270 r  mulDtX1/prodReg0_i_71__1/O
                         net (fo=1, routed)           0.190     6.460    mulDtX1/prodReg0_i_71__1_n_0
    SLICE_X27Y0          CARRY4 (Prop_carry4_CYINIT_CO[3])
                                                      0.580     7.040 r  mulDtX1/prodReg0_i_54__1/CO[3]
                         net (fo=1, routed)           0.000     7.040    mulDtX1/prodReg0_i_54__1_n_0
    SLICE_X27Y1          CARRY4 (Prop_carry4_CI_CO[3])
                                                      0.114     7.154 r  mulDtX1/prodReg0_i_53__2/CO[3]
                         net (fo=1, routed)           0.000     7.154    mulDtX1/prodReg0_i_53__2_n_0
    SLICE_X27Y2          CARRY4 (Prop_carry4_CI_CO[3])
                                                      0.114     7.268 r  mulDtX1/prodReg0_i_52__1/CO[3]
                         net (fo=1, routed)           0.000     7.268    mulDtX1/prodReg0_i_52__1_n_0
    SLICE_X27Y3          CARRY4 (Prop_carry4_CI_CO[3])
                                                      0.114     7.382 r  mulDtX1/prodReg0_i_51__2/CO[3]
                         net (fo=1, routed)           0.000     7.382    mulDtX1/prodReg0_i_51__2_n_0
    SLICE_X27Y4          CARRY4 (Prop_carry4_CI_CO[3])
                                                      0.114     7.496 r  mulDtX1/prodReg0_i_50__1/CO[3]
                         net (fo=1, routed)           0.000     7.496    mulDtX1/prodReg0_i_50__1_n_0
    SLICE_X27Y5          CARRY4 (Prop_carry4_CI_CO[3])
                                                      0.114     7.610 r  mulDtX1/prodReg_reg_i_34__2/CO[3]
                         net (fo=1, routed)           0.000     7.610    mulDtX1/prodReg_reg_i_34__2_n_0
    SLICE_X27Y6          CARRY4 (Prop_carry4_CI_O[1])
                                                      0.334     7.944 r  mulDtX1/prodReg_reg_i_33__1/O[1]
                         net (fo=1, routed)           0.579     8.523    mulDtX1/p_0_in[26]
    SLICE_X29Y6          LUT2 (Prop_lut2_I1_O)        0.303     8.826 r  mulDtX1/prodReg_reg_i_25__1/O
                         net (fo=1, routed)           0.000     8.826    mulDtX1/prodReg_reg_i_25__1_n_0
    SLICE_X29Y6          CARRY4 (Prop_carry4_S[2]_CO[3])
                                                      0.398     9.224 r  mulDtX1/prodReg_reg_i_17__6/CO[3]
                         net (fo=1, routed)           0.000     9.224    mulDtX1/prodReg_reg_i_17__6_n_0
    SLICE_X29Y7          CARRY4 (Prop_carry4_CI_CO[3])
                                                      0.114     9.338 r  mulDtX1/prodReg_reg_i_16__6/CO[3]
                         net (fo=1, routed)           0.000     9.338    mulDtX1/prodReg_reg_i_16__6_n_0
    SLICE_X29Y8          CARRY4 (Prop_carry4_CI_CO[0])
                                                      0.271     9.609 r  mulDtX1/prodReg0_i_25__5/CO[0]
                         net (fo=2, routed)           0.472    10.081    mulDtX1/prodReg0_i_25__5_n_3
    SLICE_X30Y8          CARRY4 (Prop_carry4_S[1]_CO[1])
                                                      0.865    10.946 r  mulDtX1/prodReg0_i_18__5/CO[1]
                         net (fo=36, routed)          0.823    11.769    mulDtX1/yInnov_clamped1
    SLICE_X30Y5          LUT3 (Prop_lut3_I0_O)        0.332    12.101 r  mulDtX1/prodReg0_i_17__5/O
                         net (fo=4, routed)           0.866    12.967    k1YMul/prodReg_reg_1[0]
    DSP48_X1Y2           DSP48E1 (Prop_dsp48e1_A[0]_PCOUT[0])
                                                      4.036    17.003 r  k1YMul/prodReg0/PCOUT[0]
                         net (fo=1, routed)           0.002    17.005    k1YMul/prodReg0_n_153
    DSP48_X1Y3           DSP48E1                                      r  k1YMul/prodReg_reg/PCIN[0]
  -------------------------------------------------------------------    -------------------

                         (clock clock rise edge)      4.000     4.000 r  
                                                      0.000     4.000 r  clock (IN)
                         net (fo=2419, unset)         0.924     4.924    k1YMul/clock
    DSP48_X1Y3           DSP48E1                                      r  k1YMul/prodReg_reg/CLK
                         clock pessimism              0.000     4.924    
                         clock uncertainty           -0.035     4.889    
    DSP48_X1Y3           DSP48E1 (Setup_dsp48e1_CLK_PCIN[0])
                                                     -1.400     3.489    k1YMul/prodReg_reg
  -------------------------------------------------------------------
                         required time                          3.489    
                         arrival time                         -17.005    
  -------------------------------------------------------------------
                         slack                                -13.516    





Min Delay Paths
--------------------------------------------------------------------------------------
Slack (VIOLATED) :        -0.002ns  (arrival time - required time)
  Source:                 io_cfg_q0[0]
                            (input port clocked by clock  {rise@0.000ns fall@2.000ns period=4.000ns})
  Destination:            q0Reg_reg[0]/D
                            (rising edge-triggered cell FDRE clocked by clock  {rise@0.000ns fall@2.000ns period=4.000ns})
  Path Group:             clock
  Path Type:              Hold (Min at Slow Process Corner)
  Requirement:            0.000ns  (clock rise@0.000ns - clock rise@0.000ns)
  Data Path Delay:        0.924ns  (logic 0.000ns (0.000%)  route 0.924ns (100.000%))
  Logic Levels:           0  
  Input Delay:            0.500ns
  Clock Path Skew:        0.973ns (DCD - SCD - CPR)
    Destination Clock Delay (DCD):    0.973ns
    Source Clock Delay      (SCD):    0.000ns
    Clock Pessimism Removal (CPR):    -0.000ns
  Clock Uncertainty:      0.035ns  ((TSJ^2 + TIJ^2)^1/2 + DJ) / 2 + PE
    Total System Jitter     (TSJ):    0.071ns
    Total Input Jitter      (TIJ):    0.000ns
    Discrete Jitter          (DJ):    0.000ns
    Phase Error              (PE):    0.000ns

    Location             Delay type                Incr(ns)  Path(ns)    Netlist Resource(s)
  -------------------------------------------------------------------    -------------------
                         (clock clock rise edge)      0.000     0.000 r  
                         input delay                  0.500     0.500    
                                                      0.000     0.500 r  io_cfg_q0[0] (IN)
                         net (fo=0)                   0.924     1.424    io_cfg_q0[0]
    SLICE_X38Y20         FDRE                                         r  q0Reg_reg[0]/D
  -------------------------------------------------------------------    -------------------

                         (clock clock rise edge)      0.000     0.000 r  
                                                      0.000     0.000 r  clock (IN)
                         net (fo=2419, unset)         0.973     0.973    clock
    SLICE_X38Y20         FDRE                                         r  q0Reg_reg[0]/C
                         clock pessimism              0.000     0.973    
                         clock uncertainty            0.035     1.008    
    SLICE_X38Y20         FDRE (Hold_fdre_C_D)         0.418     1.426    q0Reg_reg[0]
  -------------------------------------------------------------------
                         required time                         -1.426    
                         arrival time                           1.424    
  -------------------------------------------------------------------
                         slack                                 -0.002    





Pulse Width Checks
--------------------------------------------------------------------------------------
Clock Name:         clock
Waveform(ns):       { 0.000 2.000 }
Period(ns):         4.000
Sources:            { clock }

Check Type        Corner  Lib Pin      Reference Pin  Required(ns)  Actual(ns)  Slack(ns)  Location      Pin
Min Period        n/a     DSP48E1/CLK  n/a            3.884         4.000       0.116      DSP48_X4Y25   mm1/p00b_m/prodReg_reg/CLK
Low Pulse Width   Slow    SRL16E/CLK   n/a            0.980         2.000       1.020      SLICE_X32Y42  reciprocal/normAtSeed_r_reg[0]_srl2/CLK
High Pulse Width  Slow    SRL16E/CLK   n/a            0.980         2.000       1.020      SLICE_X32Y42  reciprocal/normAtSeed_r_reg[0]_srl2/CLK



