Copyright 1986-2022 Xilinx, Inc. All Rights Reserved. Copyright 2022-2024 Advanced Micro Devices, Inc. All Rights Reserved.
---------------------------------------------------------------------------------------------------------------------------------------------
| Tool Version : Vivado v.2024.1 (win64) Build 5076996 Wed May 22 18:37:14 MDT 2024
| Date         : Fri Sep 18 01:01:59 2026
| Host         : SRIKARVELA8715 running 64-bit major release  (build 9200)
| Command      : report_timing -hold -max_paths 30 -nworst 1 -file C:/kalman/reports/N_3.000ns/hold_paths.rpt
| Design       : KalmanFilter
| Device       : 7z020-clg400
| Speed File   : -1  PRODUCTION 1.12 2019-11-22
| Design State : Routed
---------------------------------------------------------------------------------------------------------------------------------------------

Timing Report

Slack (VIOLATED) :        -0.002ns  (arrival time - required time)
  Source:                 io_cfg_q1[16]
                            (input port clocked by clock  {rise@0.000ns fall@1.500ns period=3.000ns})
  Destination:            q1Reg_reg[16]/D
                            (rising edge-triggered cell FDRE clocked by clock  {rise@0.000ns fall@1.500ns period=3.000ns})
  Path Group:             clock
  Path Type:              Hold (Min at Slow Process Corner)
  Requirement:            0.000ns  (clock rise@0.000ns - clock rise@0.000ns)
  Data Path Delay:        0.924ns  (logic 0.000ns (0.000%)  route 0.924ns (100.000%))
  Logic Levels:           0  
  Input Delay:            0.500ns
  Clock Path Skew:        0.973ns (DCD - SCD - CPR)
    Destination Clock Delay (DCD):    0.973ns
    Source Clock Delay      (SCD):    0.000ns
    Clock Pessimism Removal (CPR):    -0.000ns
  Clock Uncertainty:      0.035ns  ((TSJ^2 + TIJ^2)^1/2 + DJ) / 2 + PE
    Total System Jitter     (TSJ):    0.071ns
    Total Input Jitter      (TIJ):    0.000ns
    Discrete Jitter          (DJ):    0.000ns
    Phase Error              (PE):    0.000ns

    Location             Delay type                Incr(ns)  Path(ns)    Netlist Resource(s)
  -------------------------------------------------------------------    -------------------
                         (clock clock rise edge)      0.000     0.000 r  
                         input delay                  0.500     0.500    
                                                      0.000     0.500 r  io_cfg_q1[16] (IN)
                         net (fo=0)                   0.924     1.424    io_cfg_q1[16]
    SLICE_X92Y49         FDRE                                         r  q1Reg_reg[16]/D
  -------------------------------------------------------------------    -------------------

                         (clock clock rise edge)      0.000     0.000 r  
                                                      0.000     0.000 r  clock (IN)
                         net (fo=9302, unset)         0.973     0.973    clock
    SLICE_X92Y49         FDRE                                         r  q1Reg_reg[16]/C
                         clock pessimism              0.000     0.973    
                         clock uncertainty            0.035     1.008    
    SLICE_X92Y49         FDRE (Hold_fdre_C_D)         0.418     1.426    q1Reg_reg[16]
  -------------------------------------------------------------------
                         required time                         -1.426    
                         arrival time                           1.424    
  -------------------------------------------------------------------
                         slack                                 -0.002    

Slack (VIOLATED) :        -0.002ns  (arrival time - required time)
  Source:                 io_cfg_q1[17]
                            (input port clocked by clock  {rise@0.000ns fall@1.500ns period=3.000ns})
  Destination:            q1Reg_reg[17]/D
                            (rising edge-triggered cell FDRE clocked by clock  {rise@0.000ns fall@1.500ns period=3.000ns})
  Path Group:             clock
  Path Type:              Hold (Min at Slow Process Corner)
  Requirement:            0.000ns  (clock rise@0.000ns - clock rise@0.000ns)
  Data Path Delay:        0.924ns  (logic 0.000ns (0.000%)  route 0.924ns (100.000%))
  Logic Levels:           0  
  Input Delay:            0.500ns
  Clock Path Skew:        0.973ns (DCD - SCD - CPR)
    Destination Clock Delay (DCD):    0.973ns
    Source Clock Delay      (SCD):    0.000ns
    Clock Pessimism Removal (CPR):    -0.000ns
  Clock Uncertainty:      0.035ns  ((TSJ^2 + TIJ^2)^1/2 + DJ) / 2 + PE
    Total System Jitter     (TSJ):    0.071ns
    Total Input Jitter      (TIJ):    0.000ns
    Discrete Jitter          (DJ):    0.000ns
    Phase Error              (PE):    0.000ns

    Location             Delay type                Incr(ns)  Path(ns)    Netlist Resource(s)
  -------------------------------------------------------------------    -------------------
                         (clock clock rise edge)      0.000     0.000 r  
                         input delay                  0.500     0.500    
                                                      0.000     0.500 r  io_cfg_q1[17] (IN)
                         net (fo=0)                   0.924     1.424    io_cfg_q1[17]
    SLICE_X92Y49         FDRE                                         r  q1Reg_reg[17]/D
  -------------------------------------------------------------------    -------------------

                         (clock clock rise edge)      0.000     0.000 r  
                                                      0.000     0.000 r  clock (IN)
                         net (fo=9302, unset)         0.973     0.973    clock
    SLICE_X92Y49         FDRE                                         r  q1Reg_reg[17]/C
                         clock pessimism              0.000     0.973    
                         clock uncertainty            0.035     1.008    
    SLICE_X92Y49         FDRE (Hold_fdre_C_D)         0.418     1.426    q1Reg_reg[17]
  -------------------------------------------------------------------
                         required time                         -1.426    
                         arrival time                           1.424    
  -------------------------------------------------------------------
                         slack                                 -0.002    

Slack (VIOLATED) :        -0.002ns  (arrival time - required time)
  Source:                 io_cfg_q1[18]
                            (input port clocked by clock  {rise@0.000ns fall@1.500ns period=3.000ns})
  Destination:            q1Reg_reg[18]/D
                            (rising edge-triggered cell FDRE clocked by clock  {rise@0.000ns fall@1.500ns period=3.000ns})
  Path Group:             clock
  Path Type:              Hold (Min at Slow Process Corner)
  Requirement:            0.000ns  (clock rise@0.000ns - clock rise@0.000ns)
  Data Path Delay:        0.924ns  (logic 0.000ns (0.000%)  route 0.924ns (100.000%))
  Logic Levels:           0  
  Input Delay:            0.500ns
  Clock Path Skew:        0.973ns (DCD - SCD - CPR)
    Destination Clock Delay (DCD):    0.973ns
    Source Clock Delay      (SCD):    0.000ns
    Clock Pessimism Removal (CPR):    -0.000ns
  Clock Uncertainty:      0.035ns  ((TSJ^2 + TIJ^2)^1/2 + DJ) / 2 + PE
    Total System Jitter     (TSJ):    0.071ns
    Total Input Jitter      (TIJ):    0.000ns
    Discrete Jitter          (DJ):    0.000ns
    Phase Error              (PE):    0.000ns

    Location             Delay type                Incr(ns)  Path(ns)    Netlist Resource(s)
  -------------------------------------------------------------------    -------------------
                         (clock clock rise edge)      0.000     0.000 r  
                         input delay                  0.500     0.500    
                                                      0.000     0.500 r  io_cfg_q1[18] (IN)
                         net (fo=0)                   0.924     1.424    io_cfg_q1[18]
    SLICE_X92Y49         FDRE                                         r  q1Reg_reg[18]/D
  -------------------------------------------------------------------    -------------------

                         (clock clock rise edge)      0.000     0.000 r  
                                                      0.000     0.000 r  clock (IN)
                         net (fo=9302, unset)         0.973     0.973    clock
    SLICE_X92Y49         FDRE                                         r  q1Reg_reg[18]/C
                         clock pessimism              0.000     0.973    
                         clock uncertainty            0.035     1.008    
    SLICE_X92Y49         FDRE (Hold_fdre_C_D)         0.418     1.426    q1Reg_reg[18]
  -------------------------------------------------------------------
                         required time                         -1.426    
                         arrival time                           1.424    
  -------------------------------------------------------------------
                         slack                                 -0.002    

Slack (VIOLATED) :        -0.002ns  (arrival time - required time)
  Source:                 io_cfg_q1[19]
                            (input port clocked by clock  {rise@0.000ns fall@1.500ns period=3.000ns})
  Destination:            q1Reg_reg[19]/D
                            (rising edge-triggered cell FDRE clocked by clock  {rise@0.000ns fall@1.500ns period=3.000ns})
  Path Group:             clock
  Path Type:              Hold (Min at Slow Process Corner)
  Requirement:            0.000ns  (clock rise@0.000ns - clock rise@0.000ns)
  Data Path Delay:        0.924ns  (logic 0.000ns (0.000%)  route 0.924ns (100.000%))
  Logic Levels:           0  
  Input Delay:            0.500ns
  Clock Path Skew:        0.973ns (DCD - SCD - CPR)
    Destination Clock Delay (DCD):    0.973ns
    Source Clock Delay      (SCD):    0.000ns
    Clock Pessimism Removal (CPR):    -0.000ns
  Clock Uncertainty:      0.035ns  ((TSJ^2 + TIJ^2)^1/2 + DJ) / 2 + PE
    Total System Jitter     (TSJ):    0.071ns
    Total Input Jitter      (TIJ):    0.000ns
    Discrete Jitter          (DJ):    0.000ns
    Phase Error              (PE):    0.000ns

    Location             Delay type                Incr(ns)  Path(ns)    Netlist Resource(s)
  -------------------------------------------------------------------    -------------------
                         (clock clock rise edge)      0.000     0.000 r  
                         input delay                  0.500     0.500    
                                                      0.000     0.500 r  io_cfg_q1[19] (IN)
                         net (fo=0)                   0.924     1.424    io_cfg_q1[19]
    SLICE_X92Y49         FDRE                                         r  q1Reg_reg[19]/D
  -------------------------------------------------------------------    -------------------

                         (clock clock rise edge)      0.000     0.000 r  
                                                      0.000     0.000 r  clock (IN)
                         net (fo=9302, unset)         0.973     0.973    clock
    SLICE_X92Y49         FDRE                                         r  q1Reg_reg[19]/C
                         clock pessimism              0.000     0.973    
                         clock uncertainty            0.035     1.008    
    SLICE_X92Y49         FDRE (Hold_fdre_C_D)         0.418     1.426    q1Reg_reg[19]
  -------------------------------------------------------------------
                         required time                         -1.426    
                         arrival time                           1.424    
  -------------------------------------------------------------------
                         slack                                 -0.002    

Slack (MET) :             0.059ns  (arrival time - required time)
  Source:                 io_cfg_q0[0]
                            (input port clocked by clock  {rise@0.000ns fall@1.500ns period=3.000ns})
  Destination:            q0Reg_reg[0]/D
                            (rising edge-triggered cell FDRE clocked by clock  {rise@0.000ns fall@1.500ns period=3.000ns})
  Path Group:             clock
  Path Type:              Hold (Min at Slow Process Corner)
  Requirement:            0.000ns  (clock rise@0.000ns - clock rise@0.000ns)
  Data Path Delay:        0.924ns  (logic 0.000ns (0.000%)  route 0.924ns (100.000%))
  Logic Levels:           0  
  Input Delay:            0.500ns
  Clock Path Skew:        0.973ns (DCD - SCD - CPR)
    Destination Clock Delay (DCD):    0.973ns
    Source Clock Delay      (SCD):    0.000ns
    Clock Pessimism Removal (CPR):    -0.000ns
  Clock Uncertainty:      0.035ns  ((TSJ^2 + TIJ^2)^1/2 + DJ) / 2 + PE
    Total System Jitter     (TSJ):    0.071ns
    Total Input Jitter      (TIJ):    0.000ns
    Discrete Jitter          (DJ):    0.000ns
    Phase Error              (PE):    0.000ns

    Location             Delay type                Incr(ns)  Path(ns)    Netlist Resource(s)
  -------------------------------------------------------------------    -------------------
                         (clock clock rise edge)      0.000     0.000 r  
                         input delay                  0.500     0.500    
                                                      0.000     0.500 r  io_cfg_q0[0] (IN)
                         net (fo=0)                   0.924     1.424    io_cfg_q0[0]
    SLICE_X63Y29         FDRE                                         r  q0Reg_reg[0]/D
  -------------------------------------------------------------------    -------------------

                         (clock clock rise edge)      0.000     0.000 r  
                                                      0.000     0.000 r  clock (IN)
                         net (fo=9302, unset)         0.973     0.973    clock
    SLICE_X63Y29         FDRE                                         r  q0Reg_reg[0]/C
                         clock pessimism              0.000     0.973    
                         clock uncertainty            0.035     1.008    
    SLICE_X63Y29         FDRE (Hold_fdre_C_D)         0.357     1.365    q0Reg_reg[0]
  -------------------------------------------------------------------
                         required time                         -1.365    
                         arrival time                           1.424    
  -------------------------------------------------------------------
                         slack                                  0.059    

Slack (MET) :             0.059ns  (arrival time - required time)
  Source:                 io_cfg_q0[10]
                            (input port clocked by clock  {rise@0.000ns fall@1.500ns period=3.000ns})
  Destination:            q0Reg_reg[10]/D
                            (rising edge-triggered cell FDRE clocked by clock  {rise@0.000ns fall@1.500ns period=3.000ns})
  Path Group:             clock
  Path Type:              Hold (Min at Slow Process Corner)
  Requirement:            0.000ns  (clock rise@0.000ns - clock rise@0.000ns)
  Data Path Delay:        0.924ns  (logic 0.000ns (0.000%)  route 0.924ns (100.000%))
  Logic Levels:           0  
  Input Delay:            0.500ns
  Clock Path Skew:        0.973ns (DCD - SCD - CPR)
    Destination Clock Delay (DCD):    0.973ns
    Source Clock Delay      (SCD):    0.000ns
    Clock Pessimism Removal (CPR):    -0.000ns
  Clock Uncertainty:      0.035ns  ((TSJ^2 + TIJ^2)^1/2 + DJ) / 2 + PE
    Total System Jitter     (TSJ):    0.071ns
    Total Input Jitter      (TIJ):    0.000ns
    Discrete Jitter          (DJ):    0.000ns
    Phase Error              (PE):    0.000ns

    Location             Delay type                Incr(ns)  Path(ns)    Netlist Resource(s)
  -------------------------------------------------------------------    -------------------
                         (clock clock rise edge)      0.000     0.000 r  
                         input delay                  0.500     0.500    
                                                      0.000     0.500 r  io_cfg_q0[10] (IN)
                         net (fo=0)                   0.924     1.424    io_cfg_q0[10]
    SLICE_X63Y31         FDRE                                         r  q0Reg_reg[10]/D
  -------------------------------------------------------------------    -------------------

                         (clock clock rise edge)      0.000     0.000 r  
                                                      0.000     0.000 r  clock (IN)
                         net (fo=9302, unset)         0.973     0.973    clock
    SLICE_X63Y31         FDRE                                         r  q0Reg_reg[10]/C
                         clock pessimism              0.000     0.973    
                         clock uncertainty            0.035     1.008    
    SLICE_X63Y31         FDRE (Hold_fdre_C_D)         0.357     1.365    q0Reg_reg[10]
  -------------------------------------------------------------------
                         required time                         -1.365    
                         arrival time                           1.424    
  -------------------------------------------------------------------
                         slack                                  0.059    

Slack (MET) :             0.059ns  (arrival time - required time)
  Source:                 io_cfg_q0[11]
                            (input port clocked by clock  {rise@0.000ns fall@1.500ns period=3.000ns})
  Destination:            q0Reg_reg[11]/D
                            (rising edge-triggered cell FDRE clocked by clock  {rise@0.000ns fall@1.500ns period=3.000ns})
  Path Group:             clock
  Path Type:              Hold (Min at Slow Process Corner)
  Requirement:            0.000ns  (clock rise@0.000ns - clock rise@0.000ns)
  Data Path Delay:        0.924ns  (logic 0.000ns (0.000%)  route 0.924ns (100.000%))
  Logic Levels:           0  
  Input Delay:            0.500ns
  Clock Path Skew:        0.973ns (DCD - SCD - CPR)
    Destination Clock Delay (DCD):    0.973ns
    Source Clock Delay      (SCD):    0.000ns
    Clock Pessimism Removal (CPR):    -0.000ns
  Clock Uncertainty:      0.035ns  ((TSJ^2 + TIJ^2)^1/2 + DJ) / 2 + PE
    Total System Jitter     (TSJ):    0.071ns
    Total Input Jitter      (TIJ):    0.000ns
    Discrete Jitter          (DJ):    0.000ns
    Phase Error              (PE):    0.000ns

    Location             Delay type                Incr(ns)  Path(ns)    Netlist Resource(s)
  -------------------------------------------------------------------    -------------------
                         (clock clock rise edge)      0.000     0.000 r  
                         input delay                  0.500     0.500    
                                                      0.000     0.500 r  io_cfg_q0[11] (IN)
                         net (fo=0)                   0.924     1.424    io_cfg_q0[11]
    SLICE_X63Y31         FDRE                                         r  q0Reg_reg[11]/D
  -------------------------------------------------------------------    -------------------

                         (clock clock rise edge)      0.000     0.000 r  
                                                      0.000     0.000 r  clock (IN)
                         net (fo=9302, unset)         0.973     0.973    clock
    SLICE_X63Y31         FDRE                                         r  q0Reg_reg[11]/C
                         clock pessimism              0.000     0.973    
                         clock uncertainty            0.035     1.008    
    SLICE_X63Y31         FDRE (Hold_fdre_C_D)         0.357     1.365    q0Reg_reg[11]
  -------------------------------------------------------------------
                         required time                         -1.365    
                         arrival time                           1.424    
  -------------------------------------------------------------------
                         slack                                  0.059    

Slack (MET) :             0.059ns  (arrival time - required time)
  Source:                 io_cfg_q0[12]
                            (input port clocked by clock  {rise@0.000ns fall@1.500ns period=3.000ns})
  Destination:            q0Reg_reg[12]/D
                            (rising edge-triggered cell FDRE clocked by clock  {rise@0.000ns fall@1.500ns period=3.000ns})
  Path Group:             clock
  Path Type:              Hold (Min at Slow Process Corner)
  Requirement:            0.000ns  (clock rise@0.000ns - clock rise@0.000ns)
  Data Path Delay:        0.924ns  (logic 0.000ns (0.000%)  route 0.924ns (100.000%))
  Logic Levels:           0  
  Input Delay:            0.500ns
  Clock Path Skew:        0.973ns (DCD - SCD - CPR)
    Destination Clock Delay (DCD):    0.973ns
    Source Clock Delay      (SCD):    0.000ns
    Clock Pessimism Removal (CPR):    -0.000ns
  Clock Uncertainty:      0.035ns  ((TSJ^2 + TIJ^2)^1/2 + DJ) / 2 + PE
    Total System Jitter     (TSJ):    0.071ns
    Total Input Jitter      (TIJ):    0.000ns
    Discrete Jitter          (DJ):    0.000ns
    Phase Error              (PE):    0.000ns

    Location             Delay type                Incr(ns)  Path(ns)    Netlist Resource(s)
  -------------------------------------------------------------------    -------------------
                         (clock clock rise edge)      0.000     0.000 r  
                         input delay                  0.500     0.500    
                                                      0.000     0.500 r  io_cfg_q0[12] (IN)
                         net (fo=0)                   0.924     1.424    io_cfg_q0[12]
    SLICE_X63Y31         FDRE                                         r  q0Reg_reg[12]/D
  -------------------------------------------------------------------    -------------------

                         (clock clock rise edge)      0.000     0.000 r  
                                                      0.000     0.000 r  clock (IN)
                         net (fo=9302, unset)         0.973     0.973    clock
    SLICE_X63Y31         FDRE                                         r  q0Reg_reg[12]/C
                         clock pessimism              0.000     0.973    
                         clock uncertainty            0.035     1.008    
    SLICE_X63Y31         FDRE (Hold_fdre_C_D)         0.357     1.365    q0Reg_reg[12]
  -------------------------------------------------------------------
                         required time                         -1.365    
                         arrival time                           1.424    
  -------------------------------------------------------------------
                         slack                                  0.059    

Slack (MET) :             0.059ns  (arrival time - required time)
  Source:                 io_cfg_q0[13]
                            (input port clocked by clock  {rise@0.000ns fall@1.500ns period=3.000ns})
  Destination:            q0Reg_reg[13]/D
                            (rising edge-triggered cell FDRE clocked by clock  {rise@0.000ns fall@1.500ns period=3.000ns})
  Path Group:             clock
  Path Type:              Hold (Min at Slow Process Corner)
  Requirement:            0.000ns  (clock rise@0.000ns - clock rise@0.000ns)
  Data Path Delay:        0.924ns  (logic 0.000ns (0.000%)  route 0.924ns (100.000%))
  Logic Levels:           0  
  Input Delay:            0.500ns
  Clock Path Skew:        0.973ns (DCD - SCD - CPR)
    Destination Clock Delay (DCD):    0.973ns
    Source Clock Delay      (SCD):    0.000ns
    Clock Pessimism Removal (CPR):    -0.000ns
  Clock Uncertainty:      0.035ns  ((TSJ^2 + TIJ^2)^1/2 + DJ) / 2 + PE
    Total System Jitter     (TSJ):    0.071ns
    Total Input Jitter      (TIJ):    0.000ns
    Discrete Jitter          (DJ):    0.000ns
    Phase Error              (PE):    0.000ns

    Location             Delay type                Incr(ns)  Path(ns)    Netlist Resource(s)
  -------------------------------------------------------------------    -------------------
                         (clock clock rise edge)      0.000     0.000 r  
                         input delay                  0.500     0.500    
                                                      0.000     0.500 r  io_cfg_q0[13] (IN)
                         net (fo=0)                   0.924     1.424    io_cfg_q0[13]
    SLICE_X63Y31         FDRE                                         r  q0Reg_reg[13]/D
  -------------------------------------------------------------------    -------------------

                         (clock clock rise edge)      0.000     0.000 r  
                                                      0.000     0.000 r  clock (IN)
                         net (fo=9302, unset)         0.973     0.973    clock
    SLICE_X63Y31         FDRE                                         r  q0Reg_reg[13]/C
                         clock pessimism              0.000     0.973    
                         clock uncertainty            0.035     1.008    
    SLICE_X63Y31         FDRE (Hold_fdre_C_D)         0.357     1.365    q0Reg_reg[13]
  -------------------------------------------------------------------
                         required time                         -1.365    
                         arrival time                           1.424    
  -------------------------------------------------------------------
                         slack                                  0.059    

Slack (MET) :             0.059ns  (arrival time - required time)
  Source:                 io_cfg_q0[16]
                            (input port clocked by clock  {rise@0.000ns fall@1.500ns period=3.000ns})
  Destination:            q0Reg_reg[16]/D
                            (rising edge-triggered cell FDRE clocked by clock  {rise@0.000ns fall@1.500ns period=3.000ns})
  Path Group:             clock
  Path Type:              Hold (Min at Slow Process Corner)
  Requirement:            0.000ns  (clock rise@0.000ns - clock rise@0.000ns)
  Data Path Delay:        0.924ns  (logic 0.000ns (0.000%)  route 0.924ns (100.000%))
  Logic Levels:           0  
  Input Delay:            0.500ns
  Clock Path Skew:        0.973ns (DCD - SCD - CPR)
    Destination Clock Delay (DCD):    0.973ns
    Source Clock Delay      (SCD):    0.000ns
    Clock Pessimism Removal (CPR):    -0.000ns
  Clock Uncertainty:      0.035ns  ((TSJ^2 + TIJ^2)^1/2 + DJ) / 2 + PE
    Total System Jitter     (TSJ):    0.071ns
    Total Input Jitter      (TIJ):    0.000ns
    Discrete Jitter          (DJ):    0.000ns
    Phase Error              (PE):    0.000ns

    Location             Delay type                Incr(ns)  Path(ns)    Netlist Resource(s)
  -------------------------------------------------------------------    -------------------
                         (clock clock rise edge)      0.000     0.000 r  
                         input delay                  0.500     0.500    
                                                      0.000     0.500 r  io_cfg_q0[16] (IN)
                         net (fo=0)                   0.924     1.424    io_cfg_q0[16]
    SLICE_X63Y32         FDRE                                         r  q0Reg_reg[16]/D
  -------------------------------------------------------------------    -------------------

                         (clock clock rise edge)      0.000     0.000 r  
                                                      0.000     0.000 r  clock (IN)
                         net (fo=9302, unset)         0.973     0.973    clock
    SLICE_X63Y32         FDRE                                         r  q0Reg_reg[16]/C
                         clock pessimism              0.000     0.973    
                         clock uncertainty            0.035     1.008    
    SLICE_X63Y32         FDRE (Hold_fdre_C_D)         0.357     1.365    q0Reg_reg[16]
  -------------------------------------------------------------------
                         required time                         -1.365    
                         arrival time                           1.424    
  -------------------------------------------------------------------
                         slack                                  0.059    

Slack (MET) :             0.059ns  (arrival time - required time)
  Source:                 io_cfg_q0[17]
                            (input port clocked by clock  {rise@0.000ns fall@1.500ns period=3.000ns})
  Destination:            q0Reg_reg[17]/D
                            (rising edge-triggered cell FDRE clocked by clock  {rise@0.000ns fall@1.500ns period=3.000ns})
  Path Group:             clock
  Path Type:              Hold (Min at Slow Process Corner)
  Requirement:            0.000ns  (clock rise@0.000ns - clock rise@0.000ns)
  Data Path Delay:        0.924ns  (logic 0.000ns (0.000%)  route 0.924ns (100.000%))
  Logic Levels:           0  
  Input Delay:            0.500ns
  Clock Path Skew:        0.973ns (DCD - SCD - CPR)
    Destination Clock Delay (DCD):    0.973ns
    Source Clock Delay      (SCD):    0.000ns
    Clock Pessimism Removal (CPR):    -0.000ns
  Clock Uncertainty:      0.035ns  ((TSJ^2 + TIJ^2)^1/2 + DJ) / 2 + PE
    Total System Jitter     (TSJ):    0.071ns
    Total Input Jitter      (TIJ):    0.000ns
    Discrete Jitter          (DJ):    0.000ns
    Phase Error              (PE):    0.000ns

    Location             Delay type                Incr(ns)  Path(ns)    Netlist Resource(s)
  -------------------------------------------------------------------    -------------------
                         (clock clock rise edge)      0.000     0.000 r  
                         input delay                  0.500     0.500    
                                                      0.000     0.500 r  io_cfg_q0[17] (IN)
                         net (fo=0)                   0.924     1.424    io_cfg_q0[17]
    SLICE_X63Y32         FDRE                                         r  q0Reg_reg[17]/D
  -------------------------------------------------------------------    -------------------

                         (clock clock rise edge)      0.000     0.000 r  
                                                      0.000     0.000 r  clock (IN)
                         net (fo=9302, unset)         0.973     0.973    clock
    SLICE_X63Y32         FDRE                                         r  q0Reg_reg[17]/C
                         clock pessimism              0.000     0.973    
                         clock uncertainty            0.035     1.008    
    SLICE_X63Y32         FDRE (Hold_fdre_C_D)         0.357     1.365    q0Reg_reg[17]
  -------------------------------------------------------------------
                         required time                         -1.365    
                         arrival time                           1.424    
  -------------------------------------------------------------------
                         slack                                  0.059    

Slack (MET) :             0.059ns  (arrival time - required time)
  Source:                 io_cfg_q0[18]
                            (input port clocked by clock  {rise@0.000ns fall@1.500ns period=3.000ns})
  Destination:            q0Reg_reg[18]/D
                            (rising edge-triggered cell FDRE clocked by clock  {rise@0.000ns fall@1.500ns period=3.000ns})
  Path Group:             clock
  Path Type:              Hold (Min at Slow Process Corner)
  Requirement:            0.000ns  (clock rise@0.000ns - clock rise@0.000ns)
  Data Path Delay:        0.924ns  (logic 0.000ns (0.000%)  route 0.924ns (100.000%))
  Logic Levels:           0  
  Input Delay:            0.500ns
  Clock Path Skew:        0.973ns (DCD - SCD - CPR)
    Destination Clock Delay (DCD):    0.973ns
    Source Clock Delay      (SCD):    0.000ns
    Clock Pessimism Removal (CPR):    -0.000ns
  Clock Uncertainty:      0.035ns  ((TSJ^2 + TIJ^2)^1/2 + DJ) / 2 + PE
    Total System Jitter     (TSJ):    0.071ns
    Total Input Jitter      (TIJ):    0.000ns
    Discrete Jitter          (DJ):    0.000ns
    Phase Error              (PE):    0.000ns

    Location             Delay type                Incr(ns)  Path(ns)    Netlist Resource(s)
  -------------------------------------------------------------------    -------------------
                         (clock clock rise edge)      0.000     0.000 r  
                         input delay                  0.500     0.500    
                                                      0.000     0.500 r  io_cfg_q0[18] (IN)
                         net (fo=0)                   0.924     1.424    io_cfg_q0[18]
    SLICE_X63Y32         FDRE                                         r  q0Reg_reg[18]/D
  -------------------------------------------------------------------    -------------------

                         (clock clock rise edge)      0.000     0.000 r  
                                                      0.000     0.000 r  clock (IN)
                         net (fo=9302, unset)         0.973     0.973    clock
    SLICE_X63Y32         FDRE                                         r  q0Reg_reg[18]/C
                         clock pessimism              0.000     0.973    
                         clock uncertainty            0.035     1.008    
    SLICE_X63Y32         FDRE (Hold_fdre_C_D)         0.357     1.365    q0Reg_reg[18]
  -------------------------------------------------------------------
                         required time                         -1.365    
                         arrival time                           1.424    
  -------------------------------------------------------------------
                         slack                                  0.059    

Slack (MET) :             0.059ns  (arrival time - required time)
  Source:                 io_cfg_q0[19]
                            (input port clocked by clock  {rise@0.000ns fall@1.500ns period=3.000ns})
  Destination:            q0Reg_reg[19]/D
                            (rising edge-triggered cell FDRE clocked by clock  {rise@0.000ns fall@1.500ns period=3.000ns})
  Path Group:             clock
  Path Type:              Hold (Min at Slow Process Corner)
  Requirement:            0.000ns  (clock rise@0.000ns - clock rise@0.000ns)
  Data Path Delay:        0.924ns  (logic 0.000ns (0.000%)  route 0.924ns (100.000%))
  Logic Levels:           0  
  Input Delay:            0.500ns
  Clock Path Skew:        0.973ns (DCD - SCD - CPR)
    Destination Clock Delay (DCD):    0.973ns
    Source Clock Delay      (SCD):    0.000ns
    Clock Pessimism Removal (CPR):    -0.000ns
  Clock Uncertainty:      0.035ns  ((TSJ^2 + TIJ^2)^1/2 + DJ) / 2 + PE
    Total System Jitter     (TSJ):    0.071ns
    Total Input Jitter      (TIJ):    0.000ns
    Discrete Jitter          (DJ):    0.000ns
    Phase Error              (PE):    0.000ns

    Location             Delay type                Incr(ns)  Path(ns)    Netlist Resource(s)
  -------------------------------------------------------------------    -------------------
                         (clock clock rise edge)      0.000     0.000 r  
                         input delay                  0.500     0.500    
                                                      0.000     0.500 r  io_cfg_q0[19] (IN)
                         net (fo=0)                   0.924     1.424    io_cfg_q0[19]
    SLICE_X63Y32         FDRE                                         r  q0Reg_reg[19]/D
  -------------------------------------------------------------------    -------------------

                         (clock clock rise edge)      0.000     0.000 r  
                                                      0.000     0.000 r  clock (IN)
                         net (fo=9302, unset)         0.973     0.973    clock
    SLICE_X63Y32         FDRE                                         r  q0Reg_reg[19]/C
                         clock pessimism              0.000     0.973    
                         clock uncertainty            0.035     1.008    
    SLICE_X63Y32         FDRE (Hold_fdre_C_D)         0.357     1.365    q0Reg_reg[19]
  -------------------------------------------------------------------
                         required time                         -1.365    
                         arrival time                           1.424    
  -------------------------------------------------------------------
                         slack                                  0.059    

Slack (MET) :             0.059ns  (arrival time - required time)
  Source:                 io_cfg_q0[1]
                            (input port clocked by clock  {rise@0.000ns fall@1.500ns period=3.000ns})
  Destination:            q0Reg_reg[1]/D
                            (rising edge-triggered cell FDRE clocked by clock  {rise@0.000ns fall@1.500ns period=3.000ns})
  Path Group:             clock
  Path Type:              Hold (Min at Slow Process Corner)
  Requirement:            0.000ns  (clock rise@0.000ns - clock rise@0.000ns)
  Data Path Delay:        0.924ns  (logic 0.000ns (0.000%)  route 0.924ns (100.000%))
  Logic Levels:           0  
  Input Delay:            0.500ns
  Clock Path Skew:        0.973ns (DCD - SCD - CPR)
    Destination Clock Delay (DCD):    0.973ns
    Source Clock Delay      (SCD):    0.000ns
    Clock Pessimism Removal (CPR):    -0.000ns
  Clock Uncertainty:      0.035ns  ((TSJ^2 + TIJ^2)^1/2 + DJ) / 2 + PE
    Total System Jitter     (TSJ):    0.071ns
    Total Input Jitter      (TIJ):    0.000ns
    Discrete Jitter          (DJ):    0.000ns
    Phase Error              (PE):    0.000ns

    Location             Delay type                Incr(ns)  Path(ns)    Netlist Resource(s)
  -------------------------------------------------------------------    -------------------
                         (clock clock rise edge)      0.000     0.000 r  
                         input delay                  0.500     0.500    
                                                      0.000     0.500 r  io_cfg_q0[1] (IN)
                         net (fo=0)                   0.924     1.424    io_cfg_q0[1]
    SLICE_X63Y29         FDRE                                         r  q0Reg_reg[1]/D
  -------------------------------------------------------------------    -------------------

                         (clock clock rise edge)      0.000     0.000 r  
                                                      0.000     0.000 r  clock (IN)
                         net (fo=9302, unset)         0.973     0.973    clock
    SLICE_X63Y29         FDRE                                         r  q0Reg_reg[1]/C
                         clock pessimism              0.000     0.973    
                         clock uncertainty            0.035     1.008    
    SLICE_X63Y29         FDRE (Hold_fdre_C_D)         0.357     1.365    q0Reg_reg[1]
  -------------------------------------------------------------------
                         required time                         -1.365    
                         arrival time                           1.424    
  -------------------------------------------------------------------
                         slack                                  0.059    

Slack (MET) :             0.059ns  (arrival time - required time)
  Source:                 io_cfg_q0[24]
                            (input port clocked by clock  {rise@0.000ns fall@1.500ns period=3.000ns})
  Destination:            q0Reg_reg[24]/D
                            (rising edge-triggered cell FDRE clocked by clock  {rise@0.000ns fall@1.500ns period=3.000ns})
  Path Group:             clock
  Path Type:              Hold (Min at Slow Process Corner)
  Requirement:            0.000ns  (clock rise@0.000ns - clock rise@0.000ns)
  Data Path Delay:        0.924ns  (logic 0.000ns (0.000%)  route 0.924ns (100.000%))
  Logic Levels:           0  
  Input Delay:            0.500ns
  Clock Path Skew:        0.973ns (DCD - SCD - CPR)
    Destination Clock Delay (DCD):    0.973ns
    Source Clock Delay      (SCD):    0.000ns
    Clock Pessimism Removal (CPR):    -0.000ns
  Clock Uncertainty:      0.035ns  ((TSJ^2 + TIJ^2)^1/2 + DJ) / 2 + PE
    Total System Jitter     (TSJ):    0.071ns
    Total Input Jitter      (TIJ):    0.000ns
    Discrete Jitter          (DJ):    0.000ns
    Phase Error              (PE):    0.000ns

    Location             Delay type                Incr(ns)  Path(ns)    Netlist Resource(s)
  -------------------------------------------------------------------    -------------------
                         (clock clock rise edge)      0.000     0.000 r  
                         input delay                  0.500     0.500    
                                                      0.000     0.500 r  io_cfg_q0[24] (IN)
                         net (fo=0)                   0.924     1.424    io_cfg_q0[24]
    SLICE_X63Y36         FDRE                                         r  q0Reg_reg[24]/D
  -------------------------------------------------------------------    -------------------

                         (clock clock rise edge)      0.000     0.000 r  
                                                      0.000     0.000 r  clock (IN)
                         net (fo=9302, unset)         0.973     0.973    clock
    SLICE_X63Y36         FDRE                                         r  q0Reg_reg[24]/C
                         clock pessimism              0.000     0.973    
                         clock uncertainty            0.035     1.008    
    SLICE_X63Y36         FDRE (Hold_fdre_C_D)         0.357     1.365    q0Reg_reg[24]
  -------------------------------------------------------------------
                         required time                         -1.365    
                         arrival time                           1.424    
  -------------------------------------------------------------------
                         slack                                  0.059    

Slack (MET) :             0.059ns  (arrival time - required time)
  Source:                 io_cfg_q0[25]
                            (input port clocked by clock  {rise@0.000ns fall@1.500ns period=3.000ns})
  Destination:            q0Reg_reg[25]/D
                            (rising edge-triggered cell FDRE clocked by clock  {rise@0.000ns fall@1.500ns period=3.000ns})
  Path Group:             clock
  Path Type:              Hold (Min at Slow Process Corner)
  Requirement:            0.000ns  (clock rise@0.000ns - clock rise@0.000ns)
  Data Path Delay:        0.924ns  (logic 0.000ns (0.000%)  route 0.924ns (100.000%))
  Logic Levels:           0  
  Input Delay:            0.500ns
  Clock Path Skew:        0.973ns (DCD - SCD - CPR)
    Destination Clock Delay (DCD):    0.973ns
    Source Clock Delay      (SCD):    0.000ns
    Clock Pessimism Removal (CPR):    -0.000ns
  Clock Uncertainty:      0.035ns  ((TSJ^2 + TIJ^2)^1/2 + DJ) / 2 + PE
    Total System Jitter     (TSJ):    0.071ns
    Total Input Jitter      (TIJ):    0.000ns
    Discrete Jitter          (DJ):    0.000ns
    Phase Error              (PE):    0.000ns

    Location             Delay type                Incr(ns)  Path(ns)    Netlist Resource(s)
  -------------------------------------------------------------------    -------------------
                         (clock clock rise edge)      0.000     0.000 r  
                         input delay                  0.500     0.500    
                                                      0.000     0.500 r  io_cfg_q0[25] (IN)
                         net (fo=0)                   0.924     1.424    io_cfg_q0[25]
    SLICE_X63Y36         FDRE                                         r  q0Reg_reg[25]/D
  -------------------------------------------------------------------    -------------------

                         (clock clock rise edge)      0.000     0.000 r  
                                                      0.000     0.000 r  clock (IN)
                         net (fo=9302, unset)         0.973     0.973    clock
    SLICE_X63Y36         FDRE                                         r  q0Reg_reg[25]/C
                         clock pessimism              0.000     0.973    
                         clock uncertainty            0.035     1.008    
    SLICE_X63Y36         FDRE (Hold_fdre_C_D)         0.357     1.365    q0Reg_reg[25]
  -------------------------------------------------------------------
                         required time                         -1.365    
                         arrival time                           1.424    
  -------------------------------------------------------------------
                         slack                                  0.059    

Slack (MET) :             0.059ns  (arrival time - required time)
  Source:                 io_cfg_q0[26]
                            (input port clocked by clock  {rise@0.000ns fall@1.500ns period=3.000ns})
  Destination:            q0Reg_reg[26]/D
                            (rising edge-triggered cell FDRE clocked by clock  {rise@0.000ns fall@1.500ns period=3.000ns})
  Path Group:             clock
  Path Type:              Hold (Min at Slow Process Corner)
  Requirement:            0.000ns  (clock rise@0.000ns - clock rise@0.000ns)
  Data Path Delay:        0.924ns  (logic 0.000ns (0.000%)  route 0.924ns (100.000%))
  Logic Levels:           0  
  Input Delay:            0.500ns
  Clock Path Skew:        0.973ns (DCD - SCD - CPR)
    Destination Clock Delay (DCD):    0.973ns
    Source Clock Delay      (SCD):    0.000ns
    Clock Pessimism Removal (CPR):    -0.000ns
  Clock Uncertainty:      0.035ns  ((TSJ^2 + TIJ^2)^1/2 + DJ) / 2 + PE
    Total System Jitter     (TSJ):    0.071ns
    Total Input Jitter      (TIJ):    0.000ns
    Discrete Jitter          (DJ):    0.000ns
    Phase Error              (PE):    0.000ns

    Location             Delay type                Incr(ns)  Path(ns)    Netlist Resource(s)
  -------------------------------------------------------------------    -------------------
                         (clock clock rise edge)      0.000     0.000 r  
                         input delay                  0.500     0.500    
                                                      0.000     0.500 r  io_cfg_q0[26] (IN)
                         net (fo=0)                   0.924     1.424    io_cfg_q0[26]
    SLICE_X63Y36         FDRE                                         r  q0Reg_reg[26]/D
  -------------------------------------------------------------------    -------------------

                         (clock clock rise edge)      0.000     0.000 r  
                                                      0.000     0.000 r  clock (IN)
                         net (fo=9302, unset)         0.973     0.973    clock
    SLICE_X63Y36         FDRE                                         r  q0Reg_reg[26]/C
                         clock pessimism              0.000     0.973    
                         clock uncertainty            0.035     1.008    
    SLICE_X63Y36         FDRE (Hold_fdre_C_D)         0.357     1.365    q0Reg_reg[26]
  -------------------------------------------------------------------
                         required time                         -1.365    
                         arrival time                           1.424    
  -------------------------------------------------------------------
                         slack                                  0.059    

Slack (MET) :             0.059ns  (arrival time - required time)
  Source:                 io_cfg_q0[27]
                            (input port clocked by clock  {rise@0.000ns fall@1.500ns period=3.000ns})
  Destination:            q0Reg_reg[27]/D
                            (rising edge-triggered cell FDRE clocked by clock  {rise@0.000ns fall@1.500ns period=3.000ns})
  Path Group:             clock
  Path Type:              Hold (Min at Slow Process Corner)
  Requirement:            0.000ns  (clock rise@0.000ns - clock rise@0.000ns)
  Data Path Delay:        0.924ns  (logic 0.000ns (0.000%)  route 0.924ns (100.000%))
  Logic Levels:           0  
  Input Delay:            0.500ns
  Clock Path Skew:        0.973ns (DCD - SCD - CPR)
    Destination Clock Delay (DCD):    0.973ns
    Source Clock Delay      (SCD):    0.000ns
    Clock Pessimism Removal (CPR):    -0.000ns
  Clock Uncertainty:      0.035ns  ((TSJ^2 + TIJ^2)^1/2 + DJ) / 2 + PE
    Total System Jitter     (TSJ):    0.071ns
    Total Input Jitter      (TIJ):    0.000ns
    Discrete Jitter          (DJ):    0.000ns
    Phase Error              (PE):    0.000ns

    Location             Delay type                Incr(ns)  Path(ns)    Netlist Resource(s)
  -------------------------------------------------------------------    -------------------
                         (clock clock rise edge)      0.000     0.000 r  
                         input delay                  0.500     0.500    
                                                      0.000     0.500 r  io_cfg_q0[27] (IN)
                         net (fo=0)                   0.924     1.424    io_cfg_q0[27]
    SLICE_X63Y36         FDRE                                         r  q0Reg_reg[27]/D
  -------------------------------------------------------------------    -------------------

                         (clock clock rise edge)      0.000     0.000 r  
                                                      0.000     0.000 r  clock (IN)
                         net (fo=9302, unset)         0.973     0.973    clock
    SLICE_X63Y36         FDRE                                         r  q0Reg_reg[27]/C
                         clock pessimism              0.000     0.973    
                         clock uncertainty            0.035     1.008    
    SLICE_X63Y36         FDRE (Hold_fdre_C_D)         0.357     1.365    q0Reg_reg[27]
  -------------------------------------------------------------------
                         required time                         -1.365    
                         arrival time                           1.424    
  -------------------------------------------------------------------
                         slack                                  0.059    

Slack (MET) :             0.059ns  (arrival time - required time)
  Source:                 io_cfg_q0[2]
                            (input port clocked by clock  {rise@0.000ns fall@1.500ns period=3.000ns})
  Destination:            q0Reg_reg[2]/D
                            (rising edge-triggered cell FDRE clocked by clock  {rise@0.000ns fall@1.500ns period=3.000ns})
  Path Group:             clock
  Path Type:              Hold (Min at Slow Process Corner)
  Requirement:            0.000ns  (clock rise@0.000ns - clock rise@0.000ns)
  Data Path Delay:        0.924ns  (logic 0.000ns (0.000%)  route 0.924ns (100.000%))
  Logic Levels:           0  
  Input Delay:            0.500ns
  Clock Path Skew:        0.973ns (DCD - SCD - CPR)
    Destination Clock Delay (DCD):    0.973ns
    Source Clock Delay      (SCD):    0.000ns
    Clock Pessimism Removal (CPR):    -0.000ns
  Clock Uncertainty:      0.035ns  ((TSJ^2 + TIJ^2)^1/2 + DJ) / 2 + PE
    Total System Jitter     (TSJ):    0.071ns
    Total Input Jitter      (TIJ):    0.000ns
    Discrete Jitter          (DJ):    0.000ns
    Phase Error              (PE):    0.000ns

    Location             Delay type                Incr(ns)  Path(ns)    Netlist Resource(s)
  -------------------------------------------------------------------    -------------------
                         (clock clock rise edge)      0.000     0.000 r  
                         input delay                  0.500     0.500    
                                                      0.000     0.500 r  io_cfg_q0[2] (IN)
                         net (fo=0)                   0.924     1.424    io_cfg_q0[2]
    SLICE_X63Y29         FDRE                                         r  q0Reg_reg[2]/D
  -------------------------------------------------------------------    -------------------

                         (clock clock rise edge)      0.000     0.000 r  
                                                      0.000     0.000 r  clock (IN)
                         net (fo=9302, unset)         0.973     0.973    clock
    SLICE_X63Y29         FDRE                                         r  q0Reg_reg[2]/C
                         clock pessimism              0.000     0.973    
                         clock uncertainty            0.035     1.008    
    SLICE_X63Y29         FDRE (Hold_fdre_C_D)         0.357     1.365    q0Reg_reg[2]
  -------------------------------------------------------------------
                         required time                         -1.365    
                         arrival time                           1.424    
  -------------------------------------------------------------------
                         slack                                  0.059    

Slack (MET) :             0.059ns  (arrival time - required time)
  Source:                 io_cfg_q0[3]
                            (input port clocked by clock  {rise@0.000ns fall@1.500ns period=3.000ns})
  Destination:            q0Reg_reg[3]/D
                            (rising edge-triggered cell FDRE clocked by clock  {rise@0.000ns fall@1.500ns period=3.000ns})
  Path Group:             clock
  Path Type:              Hold (Min at Slow Process Corner)
  Requirement:            0.000ns  (clock rise@0.000ns - clock rise@0.000ns)
  Data Path Delay:        0.924ns  (logic 0.000ns (0.000%)  route 0.924ns (100.000%))
  Logic Levels:           0  
  Input Delay:            0.500ns
  Clock Path Skew:        0.973ns (DCD - SCD - CPR)
    Destination Clock Delay (DCD):    0.973ns
    Source Clock Delay      (SCD):    0.000ns
    Clock Pessimism Removal (CPR):    -0.000ns
  Clock Uncertainty:      0.035ns  ((TSJ^2 + TIJ^2)^1/2 + DJ) / 2 + PE
    Total System Jitter     (TSJ):    0.071ns
    Total Input Jitter      (TIJ):    0.000ns
    Discrete Jitter          (DJ):    0.000ns
    Phase Error              (PE):    0.000ns

    Location             Delay type                Incr(ns)  Path(ns)    Netlist Resource(s)
  -------------------------------------------------------------------    -------------------
                         (clock clock rise edge)      0.000     0.000 r  
                         input delay                  0.500     0.500    
                                                      0.000     0.500 r  io_cfg_q0[3] (IN)
                         net (fo=0)                   0.924     1.424    io_cfg_q0[3]
    SLICE_X63Y29         FDRE                                         r  q0Reg_reg[3]/D
  -------------------------------------------------------------------    -------------------

                         (clock clock rise edge)      0.000     0.000 r  
                                                      0.000     0.000 r  clock (IN)
                         net (fo=9302, unset)         0.973     0.973    clock
    SLICE_X63Y29         FDRE                                         r  q0Reg_reg[3]/C
                         clock pessimism              0.000     0.973    
                         clock uncertainty            0.035     1.008    
    SLICE_X63Y29         FDRE (Hold_fdre_C_D)         0.357     1.365    q0Reg_reg[3]
  -------------------------------------------------------------------
                         required time                         -1.365    
                         arrival time                           1.424    
  -------------------------------------------------------------------
                         slack                                  0.059    

Slack (MET) :             0.059ns  (arrival time - required time)
  Source:                 io_cfg_q1[0]
                            (input port clocked by clock  {rise@0.000ns fall@1.500ns period=3.000ns})
  Destination:            q1Reg_reg[0]/D
                            (rising edge-triggered cell FDRE clocked by clock  {rise@0.000ns fall@1.500ns period=3.000ns})
  Path Group:             clock
  Path Type:              Hold (Min at Slow Process Corner)
  Requirement:            0.000ns  (clock rise@0.000ns - clock rise@0.000ns)
  Data Path Delay:        0.924ns  (logic 0.000ns (0.000%)  route 0.924ns (100.000%))
  Logic Levels:           0  
  Input Delay:            0.500ns
  Clock Path Skew:        0.973ns (DCD - SCD - CPR)
    Destination Clock Delay (DCD):    0.973ns
    Source Clock Delay      (SCD):    0.000ns
    Clock Pessimism Removal (CPR):    -0.000ns
  Clock Uncertainty:      0.035ns  ((TSJ^2 + TIJ^2)^1/2 + DJ) / 2 + PE
    Total System Jitter     (TSJ):    0.071ns
    Total Input Jitter      (TIJ):    0.000ns
    Discrete Jitter          (DJ):    0.000ns
    Phase Error              (PE):    0.000ns

    Location             Delay type                Incr(ns)  Path(ns)    Netlist Resource(s)
  -------------------------------------------------------------------    -------------------
                         (clock clock rise edge)      0.000     0.000 r  
                         input delay                  0.500     0.500    
                                                      0.000     0.500 r  io_cfg_q1[0] (IN)
                         net (fo=0)                   0.924     1.424    io_cfg_q1[0]
    SLICE_X91Y45         FDRE                                         r  q1Reg_reg[0]/D
  -------------------------------------------------------------------    -------------------

                         (clock clock rise edge)      0.000     0.000 r  
                                                      0.000     0.000 r  clock (IN)
                         net (fo=9302, unset)         0.973     0.973    clock
    SLICE_X91Y45         FDRE                                         r  q1Reg_reg[0]/C
                         clock pessimism              0.000     0.973    
                         clock uncertainty            0.035     1.008    
    SLICE_X91Y45         FDRE (Hold_fdre_C_D)         0.357     1.365    q1Reg_reg[0]
  -------------------------------------------------------------------
                         required time                         -1.365    
                         arrival time                           1.424    
  -------------------------------------------------------------------
                         slack                                  0.059    

Slack (MET) :             0.059ns  (arrival time - required time)
  Source:                 io_cfg_q1[10]
                            (input port clocked by clock  {rise@0.000ns fall@1.500ns period=3.000ns})
  Destination:            q1Reg_reg[10]/D
                            (rising edge-triggered cell FDRE clocked by clock  {rise@0.000ns fall@1.500ns period=3.000ns})
  Path Group:             clock
  Path Type:              Hold (Min at Slow Process Corner)
  Requirement:            0.000ns  (clock rise@0.000ns - clock rise@0.000ns)
  Data Path Delay:        0.924ns  (logic 0.000ns (0.000%)  route 0.924ns (100.000%))
  Logic Levels:           0  
  Input Delay:            0.500ns
  Clock Path Skew:        0.973ns (DCD - SCD - CPR)
    Destination Clock Delay (DCD):    0.973ns
    Source Clock Delay      (SCD):    0.000ns
    Clock Pessimism Removal (CPR):    -0.000ns
  Clock Uncertainty:      0.035ns  ((TSJ^2 + TIJ^2)^1/2 + DJ) / 2 + PE
    Total System Jitter     (TSJ):    0.071ns
    Total Input Jitter      (TIJ):    0.000ns
    Discrete Jitter          (DJ):    0.000ns
    Phase Error              (PE):    0.000ns

    Location             Delay type                Incr(ns)  Path(ns)    Netlist Resource(s)
  -------------------------------------------------------------------    -------------------
                         (clock clock rise edge)      0.000     0.000 r  
                         input delay                  0.500     0.500    
                                                      0.000     0.500 r  io_cfg_q1[10] (IN)
                         net (fo=0)                   0.924     1.424    io_cfg_q1[10]
    SLICE_X91Y47         FDRE                                         r  q1Reg_reg[10]/D
  -------------------------------------------------------------------    -------------------

                         (clock clock rise edge)      0.000     0.000 r  
                                                      0.000     0.000 r  clock (IN)
                         net (fo=9302, unset)         0.973     0.973    clock
    SLICE_X91Y47         FDRE                                         r  q1Reg_reg[10]/C
                         clock pessimism              0.000     0.973    
                         clock uncertainty            0.035     1.008    
    SLICE_X91Y47         FDRE (Hold_fdre_C_D)         0.357     1.365    q1Reg_reg[10]
  -------------------------------------------------------------------
                         required time                         -1.365    
                         arrival time                           1.424    
  -------------------------------------------------------------------
                         slack                                  0.059    

Slack (MET) :             0.059ns  (arrival time - required time)
  Source:                 io_cfg_q1[11]
                            (input port clocked by clock  {rise@0.000ns fall@1.500ns period=3.000ns})
  Destination:            q1Reg_reg[11]/D
                            (rising edge-triggered cell FDRE clocked by clock  {rise@0.000ns fall@1.500ns period=3.000ns})
  Path Group:             clock
  Path Type:              Hold (Min at Slow Process Corner)
  Requirement:            0.000ns  (clock rise@0.000ns - clock rise@0.000ns)
  Data Path Delay:        0.924ns  (logic 0.000ns (0.000%)  route 0.924ns (100.000%))
  Logic Levels:           0  
  Input Delay:            0.500ns
  Clock Path Skew:        0.973ns (DCD - SCD - CPR)
    Destination Clock Delay (DCD):    0.973ns
    Source Clock Delay      (SCD):    0.000ns
    Clock Pessimism Removal (CPR):    -0.000ns
  Clock Uncertainty:      0.035ns  ((TSJ^2 + TIJ^2)^1/2 + DJ) / 2 + PE
    Total System Jitter     (TSJ):    0.071ns
    Total Input Jitter      (TIJ):    0.000ns
    Discrete Jitter          (DJ):    0.000ns
    Phase Error              (PE):    0.000ns

    Location             Delay type                Incr(ns)  Path(ns)    Netlist Resource(s)
  -------------------------------------------------------------------    -------------------
                         (clock clock rise edge)      0.000     0.000 r  
                         input delay                  0.500     0.500    
                                                      0.000     0.500 r  io_cfg_q1[11] (IN)
                         net (fo=0)                   0.924     1.424    io_cfg_q1[11]
    SLICE_X91Y47         FDRE                                         r  q1Reg_reg[11]/D
  -------------------------------------------------------------------    -------------------

                         (clock clock rise edge)      0.000     0.000 r  
                                                      0.000     0.000 r  clock (IN)
                         net (fo=9302, unset)         0.973     0.973    clock
    SLICE_X91Y47         FDRE                                         r  q1Reg_reg[11]/C
                         clock pessimism              0.000     0.973    
                         clock uncertainty            0.035     1.008    
    SLICE_X91Y47         FDRE (Hold_fdre_C_D)         0.357     1.365    q1Reg_reg[11]
  -------------------------------------------------------------------
                         required time                         -1.365    
                         arrival time                           1.424    
  -------------------------------------------------------------------
                         slack                                  0.059    

Slack (MET) :             0.059ns  (arrival time - required time)
  Source:                 io_cfg_q1[12]
                            (input port clocked by clock  {rise@0.000ns fall@1.500ns period=3.000ns})
  Destination:            q1Reg_reg[12]/D
                            (rising edge-triggered cell FDRE clocked by clock  {rise@0.000ns fall@1.500ns period=3.000ns})
  Path Group:             clock
  Path Type:              Hold (Min at Slow Process Corner)
  Requirement:            0.000ns  (clock rise@0.000ns - clock rise@0.000ns)
  Data Path Delay:        0.924ns  (logic 0.000ns (0.000%)  route 0.924ns (100.000%))
  Logic Levels:           0  
  Input Delay:            0.500ns
  Clock Path Skew:        0.973ns (DCD - SCD - CPR)
    Destination Clock Delay (DCD):    0.973ns
    Source Clock Delay      (SCD):    0.000ns
    Clock Pessimism Removal (CPR):    -0.000ns
  Clock Uncertainty:      0.035ns  ((TSJ^2 + TIJ^2)^1/2 + DJ) / 2 + PE
    Total System Jitter     (TSJ):    0.071ns
    Total Input Jitter      (TIJ):    0.000ns
    Discrete Jitter          (DJ):    0.000ns
    Phase Error              (PE):    0.000ns

    Location             Delay type                Incr(ns)  Path(ns)    Netlist Resource(s)
  -------------------------------------------------------------------    -------------------
                         (clock clock rise edge)      0.000     0.000 r  
                         input delay                  0.500     0.500    
                                                      0.000     0.500 r  io_cfg_q1[12] (IN)
                         net (fo=0)                   0.924     1.424    io_cfg_q1[12]
    SLICE_X91Y47         FDRE                                         r  q1Reg_reg[12]/D
  -------------------------------------------------------------------    -------------------

                         (clock clock rise edge)      0.000     0.000 r  
                                                      0.000     0.000 r  clock (IN)
                         net (fo=9302, unset)         0.973     0.973    clock
    SLICE_X91Y47         FDRE                                         r  q1Reg_reg[12]/C
                         clock pessimism              0.000     0.973    
                         clock uncertainty            0.035     1.008    
    SLICE_X91Y47         FDRE (Hold_fdre_C_D)         0.357     1.365    q1Reg_reg[12]
  -------------------------------------------------------------------
                         required time                         -1.365    
                         arrival time                           1.424    
  -------------------------------------------------------------------
                         slack                                  0.059    

Slack (MET) :             0.059ns  (arrival time - required time)
  Source:                 io_cfg_q1[13]
                            (input port clocked by clock  {rise@0.000ns fall@1.500ns period=3.000ns})
  Destination:            q1Reg_reg[13]/D
                            (rising edge-triggered cell FDRE clocked by clock  {rise@0.000ns fall@1.500ns period=3.000ns})
  Path Group:             clock
  Path Type:              Hold (Min at Slow Process Corner)
  Requirement:            0.000ns  (clock rise@0.000ns - clock rise@0.000ns)
  Data Path Delay:        0.924ns  (logic 0.000ns (0.000%)  route 0.924ns (100.000%))
  Logic Levels:           0  
  Input Delay:            0.500ns
  Clock Path Skew:        0.973ns (DCD - SCD - CPR)
    Destination Clock Delay (DCD):    0.973ns
    Source Clock Delay      (SCD):    0.000ns
    Clock Pessimism Removal (CPR):    -0.000ns
  Clock Uncertainty:      0.035ns  ((TSJ^2 + TIJ^2)^1/2 + DJ) / 2 + PE
    Total System Jitter     (TSJ):    0.071ns
    Total Input Jitter      (TIJ):    0.000ns
    Discrete Jitter          (DJ):    0.000ns
    Phase Error              (PE):    0.000ns

    Location             Delay type                Incr(ns)  Path(ns)    Netlist Resource(s)
  -------------------------------------------------------------------    -------------------
                         (clock clock rise edge)      0.000     0.000 r  
                         input delay                  0.500     0.500    
                                                      0.000     0.500 r  io_cfg_q1[13] (IN)
                         net (fo=0)                   0.924     1.424    io_cfg_q1[13]
    SLICE_X91Y47         FDRE                                         r  q1Reg_reg[13]/D
  -------------------------------------------------------------------    -------------------

                         (clock clock rise edge)      0.000     0.000 r  
                                                      0.000     0.000 r  clock (IN)
                         net (fo=9302, unset)         0.973     0.973    clock
    SLICE_X91Y47         FDRE                                         r  q1Reg_reg[13]/C
                         clock pessimism              0.000     0.973    
                         clock uncertainty            0.035     1.008    
    SLICE_X91Y47         FDRE (Hold_fdre_C_D)         0.357     1.365    q1Reg_reg[13]
  -------------------------------------------------------------------
                         required time                         -1.365    
                         arrival time                           1.424    
  -------------------------------------------------------------------
                         slack                                  0.059    

Slack (MET) :             0.059ns  (arrival time - required time)
  Source:                 io_cfg_q1[1]
                            (input port clocked by clock  {rise@0.000ns fall@1.500ns period=3.000ns})
  Destination:            q1Reg_reg[1]/D
                            (rising edge-triggered cell FDRE clocked by clock  {rise@0.000ns fall@1.500ns period=3.000ns})
  Path Group:             clock
  Path Type:              Hold (Min at Slow Process Corner)
  Requirement:            0.000ns  (clock rise@0.000ns - clock rise@0.000ns)
  Data Path Delay:        0.924ns  (logic 0.000ns (0.000%)  route 0.924ns (100.000%))
  Logic Levels:           0  
  Input Delay:            0.500ns
  Clock Path Skew:        0.973ns (DCD - SCD - CPR)
    Destination Clock Delay (DCD):    0.973ns
    Source Clock Delay      (SCD):    0.000ns
    Clock Pessimism Removal (CPR):    -0.000ns
  Clock Uncertainty:      0.035ns  ((TSJ^2 + TIJ^2)^1/2 + DJ) / 2 + PE
    Total System Jitter     (TSJ):    0.071ns
    Total Input Jitter      (TIJ):    0.000ns
    Discrete Jitter          (DJ):    0.000ns
    Phase Error              (PE):    0.000ns

    Location             Delay type                Incr(ns)  Path(ns)    Netlist Resource(s)
  -------------------------------------------------------------------    -------------------
                         (clock clock rise edge)      0.000     0.000 r  
                         input delay                  0.500     0.500    
                                                      0.000     0.500 r  io_cfg_q1[1] (IN)
                         net (fo=0)                   0.924     1.424    io_cfg_q1[1]
    SLICE_X91Y45         FDRE                                         r  q1Reg_reg[1]/D
  -------------------------------------------------------------------    -------------------

                         (clock clock rise edge)      0.000     0.000 r  
                                                      0.000     0.000 r  clock (IN)
                         net (fo=9302, unset)         0.973     0.973    clock
    SLICE_X91Y45         FDRE                                         r  q1Reg_reg[1]/C
                         clock pessimism              0.000     0.973    
                         clock uncertainty            0.035     1.008    
    SLICE_X91Y45         FDRE (Hold_fdre_C_D)         0.357     1.365    q1Reg_reg[1]
  -------------------------------------------------------------------
                         required time                         -1.365    
                         arrival time                           1.424    
  -------------------------------------------------------------------
                         slack                                  0.059    

Slack (MET) :             0.059ns  (arrival time - required time)
  Source:                 io_in_bits_z[0]
                            (input port clocked by clock  {rise@0.000ns fall@1.500ns period=3.000ns})
  Destination:            zReg_reg[0]/D
                            (rising edge-triggered cell FDRE clocked by clock  {rise@0.000ns fall@1.500ns period=3.000ns})
  Path Group:             clock
  Path Type:              Hold (Min at Slow Process Corner)
  Requirement:            0.000ns  (clock rise@0.000ns - clock rise@0.000ns)
  Data Path Delay:        0.924ns  (logic 0.000ns (0.000%)  route 0.924ns (100.000%))
  Logic Levels:           0  
  Input Delay:            0.500ns
  Clock Path Skew:        0.973ns (DCD - SCD - CPR)
    Destination Clock Delay (DCD):    0.973ns
    Source Clock Delay      (SCD):    0.000ns
    Clock Pessimism Removal (CPR):    -0.000ns
  Clock Uncertainty:      0.035ns  ((TSJ^2 + TIJ^2)^1/2 + DJ) / 2 + PE
    Total System Jitter     (TSJ):    0.071ns
    Total Input Jitter      (TIJ):    0.000ns
    Discrete Jitter          (DJ):    0.000ns
    Phase Error              (PE):    0.000ns

    Location             Delay type                Incr(ns)  Path(ns)    Netlist Resource(s)
  -------------------------------------------------------------------    -------------------
                         (clock clock rise edge)      0.000     0.000 r  
                         input delay                  0.500     0.500    
                                                      0.000     0.500 r  io_in_bits_z[0] (IN)
                         net (fo=0)                   0.924     1.424    io_in_bits_z[0]
    SLICE_X23Y43         FDRE                                         r  zReg_reg[0]/D
  -------------------------------------------------------------------    -------------------

                         (clock clock rise edge)      0.000     0.000 r  
                                                      0.000     0.000 r  clock (IN)
                         net (fo=9302, unset)         0.973     0.973    clock
    SLICE_X23Y43         FDRE                                         r  zReg_reg[0]/C
                         clock pessimism              0.000     0.973    
                         clock uncertainty            0.035     1.008    
    SLICE_X23Y43         FDRE (Hold_fdre_C_D)         0.357     1.365    zReg_reg[0]
  -------------------------------------------------------------------
                         required time                         -1.365    
                         arrival time                           1.424    
  -------------------------------------------------------------------
                         slack                                  0.059    

Slack (MET) :             0.059ns  (arrival time - required time)
  Source:                 io_in_bits_z[10]
                            (input port clocked by clock  {rise@0.000ns fall@1.500ns period=3.000ns})
  Destination:            zReg_reg[10]/D
                            (rising edge-triggered cell FDRE clocked by clock  {rise@0.000ns fall@1.500ns period=3.000ns})
  Path Group:             clock
  Path Type:              Hold (Min at Slow Process Corner)
  Requirement:            0.000ns  (clock rise@0.000ns - clock rise@0.000ns)
  Data Path Delay:        0.924ns  (logic 0.000ns (0.000%)  route 0.924ns (100.000%))
  Logic Levels:           0  
  Input Delay:            0.500ns
  Clock Path Skew:        0.973ns (DCD - SCD - CPR)
    Destination Clock Delay (DCD):    0.973ns
    Source Clock Delay      (SCD):    0.000ns
    Clock Pessimism Removal (CPR):    -0.000ns
  Clock Uncertainty:      0.035ns  ((TSJ^2 + TIJ^2)^1/2 + DJ) / 2 + PE
    Total System Jitter     (TSJ):    0.071ns
    Total Input Jitter      (TIJ):    0.000ns
    Discrete Jitter          (DJ):    0.000ns
    Phase Error              (PE):    0.000ns

    Location             Delay type                Incr(ns)  Path(ns)    Netlist Resource(s)
  -------------------------------------------------------------------    -------------------
                         (clock clock rise edge)      0.000     0.000 r  
                         input delay                  0.500     0.500    
                                                      0.000     0.500 r  io_in_bits_z[10] (IN)
                         net (fo=0)                   0.924     1.424    io_in_bits_z[10]
    SLICE_X23Y44         FDRE                                         r  zReg_reg[10]/D
  -------------------------------------------------------------------    -------------------

                         (clock clock rise edge)      0.000     0.000 r  
                                                      0.000     0.000 r  clock (IN)
                         net (fo=9302, unset)         0.973     0.973    clock
    SLICE_X23Y44         FDRE                                         r  zReg_reg[10]/C
                         clock pessimism              0.000     0.973    
                         clock uncertainty            0.035     1.008    
    SLICE_X23Y44         FDRE (Hold_fdre_C_D)         0.357     1.365    zReg_reg[10]
  -------------------------------------------------------------------
                         required time                         -1.365    
                         arrival time                           1.424    
  -------------------------------------------------------------------
                         slack                                  0.059    

Slack (MET) :             0.059ns  (arrival time - required time)
  Source:                 io_in_bits_z[11]
                            (input port clocked by clock  {rise@0.000ns fall@1.500ns period=3.000ns})
  Destination:            zReg_reg[11]/D
                            (rising edge-triggered cell FDRE clocked by clock  {rise@0.000ns fall@1.500ns period=3.000ns})
  Path Group:             clock
  Path Type:              Hold (Min at Slow Process Corner)
  Requirement:            0.000ns  (clock rise@0.000ns - clock rise@0.000ns)
  Data Path Delay:        0.924ns  (logic 0.000ns (0.000%)  route 0.924ns (100.000%))
  Logic Levels:           0  
  Input Delay:            0.500ns
  Clock Path Skew:        0.973ns (DCD - SCD - CPR)
    Destination Clock Delay (DCD):    0.973ns
    Source Clock Delay      (SCD):    0.000ns
    Clock Pessimism Removal (CPR):    -0.000ns
  Clock Uncertainty:      0.035ns  ((TSJ^2 + TIJ^2)^1/2 + DJ) / 2 + PE
    Total System Jitter     (TSJ):    0.071ns
    Total Input Jitter      (TIJ):    0.000ns
    Discrete Jitter          (DJ):    0.000ns
    Phase Error              (PE):    0.000ns

    Location             Delay type                Incr(ns)  Path(ns)    Netlist Resource(s)
  -------------------------------------------------------------------    -------------------
                         (clock clock rise edge)      0.000     0.000 r  
                         input delay                  0.500     0.500    
                                                      0.000     0.500 r  io_in_bits_z[11] (IN)
                         net (fo=0)                   0.924     1.424    io_in_bits_z[11]
    SLICE_X23Y44         FDRE                                         r  zReg_reg[11]/D
  -------------------------------------------------------------------    -------------------

                         (clock clock rise edge)      0.000     0.000 r  
                                                      0.000     0.000 r  clock (IN)
                         net (fo=9302, unset)         0.973     0.973    clock
    SLICE_X23Y44         FDRE                                         r  zReg_reg[11]/C
                         clock pessimism              0.000     0.973    
                         clock uncertainty            0.035     1.008    
    SLICE_X23Y44         FDRE (Hold_fdre_C_D)         0.357     1.365    zReg_reg[11]
  -------------------------------------------------------------------
                         required time                         -1.365    
                         arrival time                           1.424    
  -------------------------------------------------------------------
                         slack                                  0.059    

Slack (MET) :             0.059ns  (arrival time - required time)
  Source:                 io_in_bits_z[12]
                            (input port clocked by clock  {rise@0.000ns fall@1.500ns period=3.000ns})
  Destination:            zReg_reg[12]/D
                            (rising edge-triggered cell FDRE clocked by clock  {rise@0.000ns fall@1.500ns period=3.000ns})
  Path Group:             clock
  Path Type:              Hold (Min at Slow Process Corner)
  Requirement:            0.000ns  (clock rise@0.000ns - clock rise@0.000ns)
  Data Path Delay:        0.924ns  (logic 0.000ns (0.000%)  route 0.924ns (100.000%))
  Logic Levels:           0  
  Input Delay:            0.500ns
  Clock Path Skew:        0.973ns (DCD - SCD - CPR)
    Destination Clock Delay (DCD):    0.973ns
    Source Clock Delay      (SCD):    0.000ns
    Clock Pessimism Removal (CPR):    -0.000ns
  Clock Uncertainty:      0.035ns  ((TSJ^2 + TIJ^2)^1/2 + DJ) / 2 + PE
    Total System Jitter     (TSJ):    0.071ns
    Total Input Jitter      (TIJ):    0.000ns
    Discrete Jitter          (DJ):    0.000ns
    Phase Error              (PE):    0.000ns

    Location             Delay type                Incr(ns)  Path(ns)    Netlist Resource(s)
  -------------------------------------------------------------------    -------------------
                         (clock clock rise edge)      0.000     0.000 r  
                         input delay                  0.500     0.500    
                                                      0.000     0.500 r  io_in_bits_z[12] (IN)
                         net (fo=0)                   0.924     1.424    io_in_bits_z[12]
    SLICE_X23Y44         FDRE                                         r  zReg_reg[12]/D
  -------------------------------------------------------------------    -------------------

                         (clock clock rise edge)      0.000     0.000 r  
                                                      0.000     0.000 r  clock (IN)
                         net (fo=9302, unset)         0.973     0.973    clock
    SLICE_X23Y44         FDRE                                         r  zReg_reg[12]/C
                         clock pessimism              0.000     0.973    
                         clock uncertainty            0.035     1.008    
    SLICE_X23Y44         FDRE (Hold_fdre_C_D)         0.357     1.365    zReg_reg[12]
  -------------------------------------------------------------------
                         required time                         -1.365    
                         arrival time                           1.424    
  -------------------------------------------------------------------
                         slack                                  0.059    




