Copyright 1986-2022 Xilinx, Inc. All Rights Reserved. Copyright 2022-2024 Advanced Micro Devices, Inc. All Rights Reserved.
---------------------------------------------------------------------------------------------------------------------------------------------
| Tool Version : Vivado v.2024.1 (win64) Build 5076996 Wed May 22 18:37:14 MDT 2024
| Date         : Fri Sep 18 01:01:58 2026
| Host         : SRIKARVELA8715 running 64-bit major release  (build 9200)
| Command      : report_timing_summary -file C:/kalman/reports/N_3.000ns/timing_summary.rpt
| Design       : KalmanFilter
| Device       : 7z020-clg400
| Speed File   : -1  PRODUCTION 1.12 2019-11-22
| Design State : Routed
---------------------------------------------------------------------------------------------------------------------------------------------

Timing Summary Report

------------------------------------------------------------------------------------------------
| Timer Settings
| --------------
------------------------------------------------------------------------------------------------

  Enable Multi Corner Analysis               :  Yes
  Enable Pessimism Removal                   :  Yes
  Pessimism Removal Resolution               :  Nearest Common Node
  Enable Input Delay Default Clock           :  No
  Enable Preset / Clear Arcs                 :  No
  Disable Flight Delays                      :  No
  Ignore I/O Paths                           :  No
  Timing Early Launch at Borrowing Latches   :  No
  Borrow Time for Max Delay Exceptions       :  Yes
  Merge Timing Exceptions                    :  Yes
  Inter-SLR Compensation                     :  Conservative

  Corner  Analyze    Analyze    
  Name    Max Paths  Min Paths  
  ------  ---------  ---------  
  Slow    Yes        Yes        
  Fast    Yes        Yes        


------------------------------------------------------------------------------------------------
| Report Methodology
| ------------------
------------------------------------------------------------------------------------------------

No report available as report_methodology has not been run prior. Run report_methodology on the current design for the summary of methodology violations.



check_timing report

Table of Contents
-----------------
1. checking no_clock (0)
2. checking constant_clock (0)
3. checking pulse_width_clock (0)
4. checking unconstrained_internal_endpoints (0)
5. checking no_input_delay (0)
6. checking no_output_delay (0)
7. checking multiple_clock (0)
8. checking generated_clocks (0)
9. checking loops (0)
10. checking partial_input_delay (0)
11. checking partial_output_delay (0)
12. checking latch_loops (0)

1. checking no_clock (0)
------------------------
 There are 0 register/latch pins with no clock.


2. checking constant_clock (0)
------------------------------
 There are 0 register/latch pins with constant_clock.


3. checking pulse_width_clock (0)
---------------------------------
 There are 0 register/latch pins which need pulse_width check


4. checking unconstrained_internal_endpoints (0)
------------------------------------------------
 There are 0 pins that are not constrained for maximum delay.

 There are 0 pins that are not constrained for maximum delay due to constant clock.


5. checking no_input_delay (0)
------------------------------
 There are 0 input ports with no input delay specified.

 There are 0 input ports with no input delay but user has a false path constraint.


6. checking no_output_delay (0)
-------------------------------
 There are 0 ports with no output delay specified.

 There are 0 ports with no output delay but user has a false path constraint

 There are 0 ports with no output delay but with a timing clock defined on it or propagating through it


7. checking multiple_clock (0)
------------------------------
 There are 0 register/latch pins with multiple clocks.


8. checking generated_clocks (0)
--------------------------------
 There are 0 generated clocks that are not connected to a clock source.


9. checking loops (0)
---------------------
 There are 0 combinational loops in the design.


10. checking partial_input_delay (0)
------------------------------------
 There are 0 input ports with partial input delay specified.


11. checking partial_output_delay (0)
-------------------------------------
 There are 0 ports with partial output delay specified.


12. checking latch_loops (0)
----------------------------
 There are 0 combinational latch loops in the design through latch input



------------------------------------------------------------------------------------------------
| Design Timing Summary
| ---------------------
------------------------------------------------------------------------------------------------

    WNS(ns)      TNS(ns)  TNS Failing Endpoints  TNS Total Endpoints      WHS(ns)      THS(ns)  THS Failing Endpoints  THS Total Endpoints     WPWS(ns)     TPWS(ns)  TPWS Failing Endpoints  TPWS Total Endpoints  
    -------      -------  ---------------------  -------------------      -------      -------  ---------------------  -------------------     --------     --------  ----------------------  --------------------  
     -1.075     -462.068                   2309                14885       -0.002       -0.008                      4                14885        0.520        0.000                       0                  9303  


Timing constraints are not met.


------------------------------------------------------------------------------------------------
| Clock Summary
| -------------
------------------------------------------------------------------------------------------------

Clock  Waveform(ns)         Period(ns)      Frequency(MHz)
-----  ------------         ----------      --------------
clock  {0.000 1.500}        3.000           333.333         


------------------------------------------------------------------------------------------------
| Intra Clock Table
| -----------------
------------------------------------------------------------------------------------------------

Clock             WNS(ns)      TNS(ns)  TNS Failing Endpoints  TNS Total Endpoints      WHS(ns)      THS(ns)  THS Failing Endpoints  THS Total Endpoints     WPWS(ns)     TPWS(ns)  TPWS Failing Endpoints  TPWS Total Endpoints  
-----             -------      -------  ---------------------  -------------------      -------      -------  ---------------------  -------------------     --------     --------  ----------------------  --------------------  
clock              -1.075     -462.068                   2309                14885       -0.002       -0.008                      4                14885        0.520        0.000                       0                  9303  


------------------------------------------------------------------------------------------------
| Inter Clock Table
| -----------------
------------------------------------------------------------------------------------------------

From Clock    To Clock          WNS(ns)      TNS(ns)  TNS Failing Endpoints  TNS Total Endpoints      WHS(ns)      THS(ns)  THS Failing Endpoints  THS Total Endpoints  
----------    --------          -------      -------  ---------------------  -------------------      -------      -------  ---------------------  -------------------  


------------------------------------------------------------------------------------------------
| Other Path Groups Table
| -----------------------
------------------------------------------------------------------------------------------------

Path Group    From Clock    To Clock          WNS(ns)      TNS(ns)  TNS Failing Endpoints  TNS Total Endpoints      WHS(ns)      THS(ns)  THS Failing Endpoints  THS Total Endpoints  
----------    ----------    --------          -------      -------  ---------------------  -------------------      -------      -------  ---------------------  -------------------  


------------------------------------------------------------------------------------------------
| Timing Details
| --------------
------------------------------------------------------------------------------------------------


---------------------------------------------------------------------------------------------------
From Clock:  clock
  To Clock:  clock

Setup :         2309  Failing Endpoints,  Worst Slack       -1.075ns,  Total Violation     -462.068ns
Hold  :            4  Failing Endpoints,  Worst Slack       -0.002ns,  Total Violation       -0.008ns
PW    :            0  Failing Endpoints,  Worst Slack        0.520ns,  Total Violation        0.000ns
---------------------------------------------------------------------------------------------------


Max Delay Paths
--------------------------------------------------------------------------------------
Slack (VIOLATED) :        -1.075ns  (required time - arrival time)
  Source:                 reciprocal/denormPair_REG_1_reg[0]_replica/C
                            (rising edge-triggered cell FDRE clocked by clock  {rise@0.000ns fall@1.500ns period=3.000ns})
  Destination:            reciprocal/denormPair_right_reg[9]/D
                            (rising edge-triggered cell FDRE clocked by clock  {rise@0.000ns fall@1.500ns period=3.000ns})
  Path Group:             clock
  Path Type:              Setup (Max at Slow Process Corner)
  Requirement:            3.000ns  (clock rise@3.000ns - clock rise@0.000ns)
  Data Path Delay:        4.066ns  (logic 0.982ns (24.154%)  route 3.084ns (75.846%))
  Logic Levels:           4  (LUT3=1 LUT5=1 LUT6=2)
  Clock Path Skew:        -0.049ns (DCD - SCD + CPR)
    Destination Clock Delay (DCD):    0.924ns = ( 3.924 - 3.000 ) 
    Source Clock Delay      (SCD):    0.973ns
    Clock Pessimism Removal (CPR):    0.000ns
  Clock Uncertainty:      0.035ns  ((TSJ^2 + TIJ^2)^1/2 + DJ) / 2 + PE
    Total System Jitter     (TSJ):    0.071ns
    Total Input Jitter      (TIJ):    0.000ns
    Discrete Jitter          (DJ):    0.000ns
    Phase Error              (PE):    0.000ns

    Location             Delay type                Incr(ns)  Path(ns)    Netlist Resource(s)
  -------------------------------------------------------------------    -------------------
                         (clock clock rise edge)      0.000     0.000 r  
                                                      0.000     0.000 r  clock (IN)
                         net (fo=9302, unset)         0.973     0.973    reciprocal/clock
    SLICE_X24Y31         FDRE                                         r  reciprocal/denormPair_REG_1_reg[0]_replica/C
  -------------------------------------------------------------------    -------------------
    SLICE_X24Y31         FDRE (Prop_fdre_C_Q)         0.456     1.429 r  reciprocal/denormPair_REG_1_reg[0]_replica/Q
                         net (fo=3, routed)           0.872     2.301    reciprocal/denormPair_REG_1[0]_repN
    SLICE_X24Y31         LUT6 (Prop_lut6_I1_O)        0.124     2.425 r  reciprocal/denormPair_right[15]_i_7/O
                         net (fo=20, routed)          0.586     3.010    reciprocal/mulYNext_2/_denormPair_lefts_T_14[3]
    SLICE_X23Y31         LUT5 (Prop_lut5_I3_O)        0.124     3.134 r  reciprocal/mulYNext_2/denormPair_right[11]_i_3/O
                         net (fo=2, routed)           0.818     3.952    reciprocal/mulYNext_2/denormPair_right[11]_i_3_n_0
    SLICE_X23Y30         LUT6 (Prop_lut6_I1_O)        0.124     4.076 r  reciprocal/mulYNext_2/denormPair_right[9]_i_2/O
                         net (fo=2, routed)           0.809     4.885    reciprocal/mulYNext_2/denormPair_right[9]_i_2_n_0
    SLICE_X23Y31         LUT3 (Prop_lut3_I2_O)        0.154     5.039 r  reciprocal/mulYNext_2/denormPair_right[9]_i_1/O
                         net (fo=1, routed)           0.000     5.039    reciprocal/mulYNext_2_n_52
    SLICE_X23Y31         FDRE                                         r  reciprocal/denormPair_right_reg[9]/D
  -------------------------------------------------------------------    -------------------

                         (clock clock rise edge)      3.000     3.000 r  
                                                      0.000     3.000 r  clock (IN)
                         net (fo=9302, unset)         0.924     3.924    reciprocal/clock
    SLICE_X23Y31         FDRE                                         r  reciprocal/denormPair_right_reg[9]/C
                         clock pessimism              0.000     3.924    
                         clock uncertainty           -0.035     3.889    
    SLICE_X23Y31         FDRE (Setup_fdre_C_D)        0.075     3.964    reciprocal/denormPair_right_reg[9]
  -------------------------------------------------------------------
                         required time                          3.964    
                         arrival time                          -5.039    
  -------------------------------------------------------------------
                         slack                                 -1.075    





Min Delay Paths
--------------------------------------------------------------------------------------
Slack (VIOLATED) :        -0.002ns  (arrival time - required time)
  Source:                 io_cfg_q1[16]
                            (input port clocked by clock  {rise@0.000ns fall@1.500ns period=3.000ns})
  Destination:            q1Reg_reg[16]/D
                            (rising edge-triggered cell FDRE clocked by clock  {rise@0.000ns fall@1.500ns period=3.000ns})
  Path Group:             clock
  Path Type:              Hold (Min at Slow Process Corner)
  Requirement:            0.000ns  (clock rise@0.000ns - clock rise@0.000ns)
  Data Path Delay:        0.924ns  (logic 0.000ns (0.000%)  route 0.924ns (100.000%))
  Logic Levels:           0  
  Input Delay:            0.500ns
  Clock Path Skew:        0.973ns (DCD - SCD - CPR)
    Destination Clock Delay (DCD):    0.973ns
    Source Clock Delay      (SCD):    0.000ns
    Clock Pessimism Removal (CPR):    -0.000ns
  Clock Uncertainty:      0.035ns  ((TSJ^2 + TIJ^2)^1/2 + DJ) / 2 + PE
    Total System Jitter     (TSJ):    0.071ns
    Total Input Jitter      (TIJ):    0.000ns
    Discrete Jitter          (DJ):    0.000ns
    Phase Error              (PE):    0.000ns

    Location             Delay type                Incr(ns)  Path(ns)    Netlist Resource(s)
  -------------------------------------------------------------------    -------------------
                         (clock clock rise edge)      0.000     0.000 r  
                         input delay                  0.500     0.500    
                                                      0.000     0.500 r  io_cfg_q1[16] (IN)
                         net (fo=0)                   0.924     1.424    io_cfg_q1[16]
    SLICE_X92Y49         FDRE                                         r  q1Reg_reg[16]/D
  -------------------------------------------------------------------    -------------------

                         (clock clock rise edge)      0.000     0.000 r  
                                                      0.000     0.000 r  clock (IN)
                         net (fo=9302, unset)         0.973     0.973    clock
    SLICE_X92Y49         FDRE                                         r  q1Reg_reg[16]/C
                         clock pessimism              0.000     0.973    
                         clock uncertainty            0.035     1.008    
    SLICE_X92Y49         FDRE (Hold_fdre_C_D)         0.418     1.426    q1Reg_reg[16]
  -------------------------------------------------------------------
                         required time                         -1.426    
                         arrival time                           1.424    
  -------------------------------------------------------------------
                         slack                                 -0.002    





Pulse Width Checks
--------------------------------------------------------------------------------------
Clock Name:         clock
Waveform(ns):       { 0.000 1.500 }
Period(ns):         3.000
Sources:            { clock }

Check Type        Corner  Lib Pin      Reference Pin  Required(ns)  Actual(ns)  Slack(ns)  Location     Pin
Min Period        n/a     DSP48E1/CLK  n/a            2.154         3.000       0.846      DSP48_X0Y12  k0Mul/hh4_reg/CLK
Low Pulse Width   Slow    SRL16E/CLK   n/a            0.980         1.500       0.520      SLICE_X36Y5  reciprocal/normAfterSeed_r_reg[0]_srl9/CLK
High Pulse Width  Slow    SRL16E/CLK   n/a            0.980         1.500       0.520      SLICE_X36Y5  reciprocal/normAfterSeed_r_reg[0]_srl9/CLK



